Archive member included to satisfy reference by file (symbol)

../vendor/micro-ecc-nrf52/lib/micro_ecc_lib_nrf52_gcc.a(uECC.o)
                              build_ci_canova_app_prod/application/ecc.o (uECC_set_rng)
/usr/local/gcc-arm-none-eabi-6-2017-q2-update/bin/../lib/gcc/arm-none-eabi/6.3.1/thumb/v7e-m/libgcc.a(_lshrdi3.o)
                              build_ci_canova_app_prod/lfa/mcu/nrf52/address_check.o (__aeabi_llsr)
/usr/local/gcc-arm-none-eabi-6-2017-q2-update/bin/../lib/gcc/arm-none-eabi/6.3.1/thumb/v7e-m/libgcc.a(_arm_addsubdf3.o)
                              build_ci_canova_app_prod/application/mlx90394_system.o (__aeabi_dsub)
/usr/local/gcc-arm-none-eabi-6-2017-q2-update/bin/../lib/gcc/arm-none-eabi/6.3.1/thumb/v7e-m/libgcc.a(_arm_muldivdf3.o)
                              build_ci_canova_app_prod/application/btnind.o (__aeabi_dmul)
/usr/local/gcc-arm-none-eabi-6-2017-q2-update/bin/../lib/gcc/arm-none-eabi/6.3.1/thumb/v7e-m/libgcc.a(_arm_fixdfsi.o)
                              build_ci_canova_app_prod/application/mlx90394_system.o (__aeabi_d2iz)
/usr/local/gcc-arm-none-eabi-6-2017-q2-update/bin/../lib/gcc/arm-none-eabi/6.3.1/thumb/v7e-m/libgcc.a(_arm_fixunsdfsi.o)
                              build_ci_canova_app_prod/application/btnind.o (__aeabi_d2uiz)
/usr/local/gcc-arm-none-eabi-6-2017-q2-update/bin/../lib/gcc/arm-none-eabi/6.3.1/thumb/v7e-m/libgcc.a(_arm_truncdfsf2.o)
                              build_ci_canova_app_prod/application/mlx90394_system.o (__aeabi_d2f)
/usr/local/gcc-arm-none-eabi-6-2017-q2-update/bin/../lib/gcc/arm-none-eabi/6.3.1/thumb/v7e-m/libgcc.a(_arm_addsubsf3.o)
                              build_ci_canova_app_prod/application/mlx90394_system.o (__aeabi_i2f)
/usr/local/gcc-arm-none-eabi-6-2017-q2-update/bin/../lib/gcc/arm-none-eabi/6.3.1/thumb/v7e-m/libgcc.a(_arm_muldivsf3.o)
                              build_ci_canova_app_prod/application/mlx90394_system.o (__aeabi_fmul)
/usr/local/gcc-arm-none-eabi-6-2017-q2-update/bin/../lib/gcc/arm-none-eabi/6.3.1/thumb/v7e-m/libgcc.a(_arm_cmpsf2.o)
                              build_ci_canova_app_prod/application/mlx90394_system.o (__aeabi_fcmpge)
/usr/local/gcc-arm-none-eabi-6-2017-q2-update/bin/../lib/gcc/arm-none-eabi/6.3.1/thumb/v7e-m/libgcc.a(_arm_fixsfsi.o)
                              build_ci_canova_app_prod/application/mlx90394_system.o (__aeabi_f2iz)
/usr/local/gcc-arm-none-eabi-6-2017-q2-update/bin/../lib/gcc/arm-none-eabi/6.3.1/../../../../arm-none-eabi/lib/thumb/v7e-m/libc_nano.a(lib_a-exit.o)
                              /usr/local/gcc-arm-none-eabi-6-2017-q2-update/bin/../lib/gcc/arm-none-eabi/6.3.1/../../../../arm-none-eabi/lib/thumb/v7e-m/crt0.o (exit)
/usr/local/gcc-arm-none-eabi-6-2017-q2-update/bin/../lib/gcc/arm-none-eabi/6.3.1/../../../../arm-none-eabi/lib/thumb/v7e-m/libc_nano.a(lib_a-impure.o)
                              /usr/local/gcc-arm-none-eabi-6-2017-q2-update/bin/../lib/gcc/arm-none-eabi/6.3.1/../../../../arm-none-eabi/lib/thumb/v7e-m/libc_nano.a(lib_a-exit.o) (_global_impure_ptr)
/usr/local/gcc-arm-none-eabi-6-2017-q2-update/bin/../lib/gcc/arm-none-eabi/6.3.1/../../../../arm-none-eabi/lib/thumb/v7e-m/libc_nano.a(lib_a-init.o)
                              /usr/local/gcc-arm-none-eabi-6-2017-q2-update/bin/../lib/gcc/arm-none-eabi/6.3.1/../../../../arm-none-eabi/lib/thumb/v7e-m/crt0.o (__libc_init_array)
/usr/local/gcc-arm-none-eabi-6-2017-q2-update/bin/../lib/gcc/arm-none-eabi/6.3.1/../../../../arm-none-eabi/lib/thumb/v7e-m/libc_nano.a(lib_a-memcmp.o)
                              build_ci_canova_app_prod/lfa/hidpp20/x00c3_dfu_control.o (memcmp)
/usr/local/gcc-arm-none-eabi-6-2017-q2-update/bin/../lib/gcc/arm-none-eabi/6.3.1/../../../../arm-none-eabi/lib/thumb/v7e-m/libc_nano.a(lib_a-memcpy-stub.o)
                              build_ci_canova_app_prod/lfa/crypto/lhmac.o (memcpy)
/usr/local/gcc-arm-none-eabi-6-2017-q2-update/bin/../lib/gcc/arm-none-eabi/6.3.1/../../../../arm-none-eabi/lib/thumb/v7e-m/libc_nano.a(lib_a-memmove.o)
                              build_ci_canova_app_prod/lfa/crypto/lsha-256.o (memmove)
/usr/local/gcc-arm-none-eabi-6-2017-q2-update/bin/../lib/gcc/arm-none-eabi/6.3.1/../../../../arm-none-eabi/lib/thumb/v7e-m/libc_nano.a(lib_a-memset.o)
                              /usr/local/gcc-arm-none-eabi-6-2017-q2-update/bin/../lib/gcc/arm-none-eabi/6.3.1/../../../../arm-none-eabi/lib/thumb/v7e-m/crt0.o (memset)
/usr/local/gcc-arm-none-eabi-6-2017-q2-update/bin/../lib/gcc/arm-none-eabi/6.3.1/../../../../arm-none-eabi/lib/thumb/v7e-m/libc_nano.a(lib_a-strcpy.o)
                              build_ci_canova_app_prod/vendor/segger_rtt/RTT/SEGGER_RTT.o (strcpy)
/usr/local/gcc-arm-none-eabi-6-2017-q2-update/bin/../lib/gcc/arm-none-eabi/6.3.1/../../../../arm-none-eabi/lib/thumb/v7e-m/libc_nano.a(lib_a-strlen.o)
                              build_ci_canova_app_prod/lfa/hidpp20/x0005_devname.o (strlen)
[...]
Memory Configuration

Name             Origin             Length             Attributes
FLASH_BLE        0x0000000000000000 0x000000000001c000 xr
FLASH_BTLDR      0x0000000000061000 0x0000000000019000 xr
FLASH_APP        0x000000000001c000 0x0000000000044ffc xr
APP_VALID_FLAG   0x0000000000060ffc 0x0000000000000004 xr
NVS_FACT         0x000000000007a000 0x0000000000002000 rw
NVS_PAIR         0x000000000007c000 0x0000000000002000 rw
NVS_CMN          0x000000000007e000 0x0000000000002000 rw
NRF_UICR         0x0000000010001000 0x0000000000001000 rw
RAM_BLE          0x0000000020000000 0x0000000000003000 xrw
RAM_NOINIT       0x0000000020003000 0x0000000000000080 xrw
RAM              0x0000000020003080 0x000000000001c780 xrw
STACK            0x000000002001f800 0x0000000000000800 xrw
*default*        0x0000000000000000 0xffffffffffffffff

Linker script and memory map

LOAD /usr/local/gcc-arm-none-eabi-6-2017-q2-update/bin/../lib/gcc/arm-none-eabi/6.3.1/thumb/v7e-m/crti.o
LOAD /usr/local/gcc-arm-none-eabi-6-2017-q2-update/bin/../lib/gcc/arm-none-eabi/6.3.1/thumb/v7e-m/crtbegin.o
LOAD /usr/local/gcc-arm-none-eabi-6-2017-q2-update/bin/../lib/gcc/arm-none-eabi/6.3.1/../../../../arm-none-eabi/lib/thumb/v7e-m/crt0.o
LOAD /usr/local/gcc-arm-none-eabi-6-2017-q2-update/bin/../lib/gcc/arm-none-eabi/6.3.1/../../../../arm-none-eabi/lib/thumb/v7e-m/libnosys.a
LOAD build_ci_canova_app_prod/lfa/ble/lble_configurable_properties.o
LOAD build_ci_canova_app_prod/lfa/coreapi/timer.o
LOAD build_ci_canova_app_prod/lfa/crypto/laes.o
LOAD build_ci_canova_app_prod/lfa/crypto/lhmac.o
LOAD build_ci_canova_app_prod/lfa/crypto/lsha-256.o
LOAD build_ci_canova_app_prod/lfa/equad/equad_cmn.o
LOAD build_ci_canova_app_prod/lfa/equad/equad_dvc.o
LOAD build_ci_canova_app_prod/lfa/gpapi/crc_ccitt.o
LOAD build_ci_canova_app_prod/lfa/gpapi/unit_id.o
LOAD build_ci_canova_app_prod/lfa/gpapi/config_data.o
LOAD build_ci_canova_app_prod/lfa/gpapi/hostsinfo_nvs.o
LOAD build_ci_canova_app_prod/lfa/gpapi/wavegen/waveformgenerator.o
LOAD build_ci_canova_app_prod/lfa/gpapi/wavegen/wavesegment.o
LOAD build_ci_canova_app_prod/lfa/hidpp20/hidpp20.o
LOAD build_ci_canova_app_prod/lfa/hidpp20/x0000_root.o
LOAD build_ci_canova_app_prod/lfa/hidpp20/x0001_featureset.o
LOAD build_ci_canova_app_prod/lfa/hidpp20/x0003_fwinfo.o
LOAD build_ci_canova_app_prod/lfa/hidpp20/x0005_devname.o
LOAD build_ci_canova_app_prod/lfa/hidpp20/x0007_devicefriendlyname.o
LOAD build_ci_canova_app_prod/lfa/hidpp20/x0011_propertyaccess.o
LOAD build_ci_canova_app_prod/lfa/hidpp20/x0020_configchange.o
LOAD build_ci_canova_app_prod/lfa/hidpp20/x0021_32byteid.o
LOAD build_ci_canova_app_prod/lfa/hidpp20/x00c3_dfu_control.o
LOAD build_ci_canova_app_prod/lfa/hidpp20/x00d0_dfu.o
LOAD build_ci_canova_app_prod/lfa/hidpp20/x1004_unifiedbattery.o
LOAD build_ci_canova_app_prod/lfa/hidpp20/x1602_passwd_auth.o
LOAD build_ci_canova_app_prod/lfa/hidpp20/x1802_devicereset.o
LOAD build_ci_canova_app_prod/lfa/hidpp20/x1803_gpioaccess.o
LOAD build_ci_canova_app_prod/lfa/hidpp20/x1805_oobstate.o
LOAD build_ci_canova_app_prod/lfa/hidpp20/x1807_configurableproperties.o
LOAD build_ci_canova_app_prod/lfa/hidpp20/x1814_changehost.o
LOAD build_ci_canova_app_prod/lfa/hidpp20/x1815_hostsinfo.o
LOAD build_ci_canova_app_prod/lfa/hidpp20/x1816_bleproprepairing.o
LOAD build_ci_canova_app_prod/lfa/hidpp20/x1830_powermodes.o
LOAD build_ci_canova_app_prod/lfa/hidpp20/x1861_battcalibration.o
LOAD build_ci_canova_app_prod/lfa/hidpp20/x1890_91_rftest_eqmac.o
LOAD build_ci_canova_app_prod/lfa/hidpp20/x18a1_ledtest.o
LOAD build_ci_canova_app_prod/lfa/hidpp20/x18b0_monitormode.o
LOAD build_ci_canova_app_prod/lfa/hidpp20/x18b1_monitormode.o
LOAD build_ci_canova_app_prod/lfa/hidpp20/x18c0_rollertest.o
LOAD build_ci_canova_app_prod/lfa/hidpp20/x1981_backlight.o
LOAD build_ci_canova_app_prod/lfa/hidpp20/x19b0_haptic.o
LOAD build_ci_canova_app_prod/lfa/hidpp20/x19c0_forceSensingButton.o
LOAD build_ci_canova_app_prod/lfa/hidpp20/x1a00_presentercontrol.o
LOAD build_ci_canova_app_prod/lfa/hidpp20/x1b04_specialkeysmsebuttons.o
LOAD build_ci_canova_app_prod/lfa/hidpp20/x1d4b_wirelessdevicestatus.o
LOAD build_ci_canova_app_prod/lfa/hidpp20/x1e00_enablehiddenfeatures.o
LOAD build_ci_canova_app_prod/lfa/hidpp20/x1e02_deact_features.o
LOAD build_ci_canova_app_prod/lfa/hidpp20/x1e22_spidirectaccess.o
LOAD build_ci_canova_app_prod/lfa/hidpp20/x1e30_i2cdirectaccess.o
LOAD build_ci_canova_app_prod/lfa/hidpp20/x1e80_memoryaccess.o
LOAD build_ci_canova_app_prod/lfa/hidpp20/x1eb0_tdemfgaccess.o
LOAD build_ci_canova_app_prod/lfa/hidpp20/x2111_smartshiftwheel.o
LOAD build_ci_canova_app_prod/lfa/hidpp20/x2121_hireswheel.o
LOAD build_ci_canova_app_prod/lfa/hidpp20/x2130_ratchetwheel.o
LOAD build_ci_canova_app_prod/lfa/hidpp20/x2150_thumbwheel.o
LOAD build_ci_canova_app_prod/lfa/hidpp20/x2201_adjustabledpi.o
LOAD build_ci_canova_app_prod/lfa/hidpp20/x2250_analysismode.o
LOAD build_ci_canova_app_prod/lfa/hidpp20/x2251_mousewheelanalytics.o
LOAD build_ci_canova_app_prod/lfa/hidpp20/x40a3_fninversion.o
LOAD build_ci_canova_app_prod/lfa/hidpp20/x4220_lockkeystate.o
LOAD build_ci_canova_app_prod/lfa/hidpp20/x4531_multiplatform.o
LOAD build_ci_canova_app_prod/lfa/hidpp20/x4540_keyboardinternationallayout.o
LOAD build_ci_canova_app_prod/lfa/hidpp20/x9001_testpmw3816.o
LOAD build_ci_canova_app_prod/lfa/hidpp20/x920a_testHallSensor.o
LOAD build_ci_canova_app_prod/lfa/hidpp20/x9300_testepmdrive.o
LOAD build_ci_canova_app_prod/lfa/hidpp20/x9320_bleautomation.o
LOAD build_ci_canova_app_prod/lfa/hidpp20/x9401_testdrv26xx.o
LOAD build_ci_canova_app_prod/lfa/hidpp20/x9402_testForceButton.o
LOAD build_ci_canova_app_prod/lfa/hidpp20/x9205_testmlx903.o
LOAD build_ci_canova_app_prod/lfa/mcu/nrf52/clkmgmt.o
LOAD build_ci_canova_app_prod/lfa/mcu/nrf52/clock_arch.o
LOAD build_ci_canova_app_prod/lfa/mcu/nrf52/eqaes_arch.o
LOAD build_ci_canova_app_prod/lfa/mcu/nrf52/eqmac_arch.o
LOAD build_ci_canova_app_prod/lfa/mcu/nrf52/flash_mem.o
LOAD build_ci_canova_app_prod/lfa/mcu/nrf52/hwid_arch.o
LOAD build_ci_canova_app_prod/lfa/mcu/nrf52/laes_arch.o
LOAD build_ci_canova_app_prod/lfa/mcu/nrf52/laes_cfb_arch.o
LOAD build_ci_canova_app_prod/lfa/mcu/nrf52/lgpio_arch.o
LOAD build_ci_canova_app_prod/lfa/mcu/nrf52/nvs_arch.o
LOAD build_ci_canova_app_prod/lfa/mcu/nrf52/rng_arch.o
LOAD build_ci_canova_app_prod/lfa/mcu/nrf52/rng_pool.o
LOAD build_ci_canova_app_prod/lfa/mcu/nrf52/sdk_emul.o
LOAD build_ci_canova_app_prod/lfa/mcu/nrf52/term_arch.o
LOAD build_ci_canova_app_prod/lfa/mcu/nrf52/lesb.o
LOAD build_ci_canova_app_prod/lfa/mcu/nrf52/address_check.o
LOAD build_ci_canova_app_prod/lfa/mcu/nvs.o
LOAD build_ci_canova_app_prod/application/adc.o
LOAD build_ci_canova_app_prod/application/battery.o
LOAD build_ci_canova_app_prod/application/batt_alka.o
LOAD build_ci_canova_app_prod/application/batt_lipol.o
LOAD build_ci_canova_app_prod/application/batt_vdd.o
LOAD build_ci_canova_app_prod/application/bootloader.o
LOAD build_ci_canova_app_prod/application/btnind.o
LOAD build_ci_canova_app_prod/application/button_pb.o
LOAD build_ci_canova_app_prod/application/comparator.o
LOAD build_ci_canova_app_prod/application/conn_manager.o
LOAD build_ci_canova_app_prod/application/conn_scheme_ble.o
LOAD build_ci_canova_app_prod/application/conn_scheme_ufy.o
LOAD build_ci_canova_app_prod/application/conn_scheme_usb.o
LOAD build_ci_canova_app_prod/application/debug.o
LOAD build_ci_canova_app_prod/application/dfu.o
LOAD build_ci_canova_app_prod/application/drv2624.o
LOAD build_ci_canova_app_prod/application/ecc.o
LOAD build_ci_canova_app_prod/application/em7770.o
LOAD build_ci_canova_app_prod/application/em7770_settings.o
LOAD build_ci_canova_app_prod/application/em7792.o
LOAD build_ci_canova_app_prod/application/em7792regs.o
LOAD build_ci_canova_app_prod/application/em7792sram.o
LOAD build_ci_canova_app_prod/application/em7787.o
LOAD build_ci_canova_app_prod/application/em7787regs.o
LOAD build_ci_canova_app_prod/application/encoder.o
LOAD build_ci_canova_app_prod/application/encoder_int.o
LOAD build_ci_canova_app_prod/application/epm_drive.o
LOAD build_ci_canova_app_prod/application/epm_sensing.o
LOAD build_ci_canova_app_prod/application/eq_evt.o
LOAD build_ci_canova_app_prod/application/equad_comm.o
LOAD build_ci_canova_app_prod/application/events.o
LOAD build_ci_canova_app_prod/application/exception.o
LOAD build_ci_canova_app_prod/application/factory_settings.o
LOAD build_ci_canova_app_prod/application/fault_inject.o
LOAD build_ci_canova_app_prod/application/fn_inversion.o
LOAD build_ci_canova_app_prod/application/fw_data.o
LOAD build_ci_canova_app_prod/application/haptics.o
LOAD build_ci_canova_app_prod/application/hid_def.o
LOAD build_ci_canova_app_prod/application/hppreset.o
LOAD build_ci_canova_app_prod/application/iqs324_system.o
LOAD build_ci_canova_app_prod/application/led_interface.o
LOAD build_ci_canova_app_prod/application/lfclk_calibration.o
LOAD build_ci_canova_app_prod/application/kbd_proc.o
LOAD build_ci_canova_app_prod/application/kbd_scan.o
LOAD build_ci_canova_app_prod/application/led_battery.o
LOAD build_ci_canova_app_prod/application/led_connect.o
LOAD build_ci_canova_app_prod/application/led_manager.o
LOAD build_ci_canova_app_prod/application/main.o
LOAD build_ci_canova_app_prod/application/magrol.o
LOAD build_ci_canova_app_prod/application/mapper.o
LOAD build_ci_canova_app_prod/application/mem_map.o
LOAD build_ci_canova_app_prod/application/mem_prot_acl.o
LOAD build_ci_canova_app_prod/application/mlx90394_system.o
LOAD build_ci_canova_app_prod/application/monitor.o
LOAD build_ci_canova_app_prod/application/multi_os.o
LOAD build_ci_canova_app_prod/application/nvs_encrypt.o
LOAD build_ci_canova_app_prod/application/nvs_init.o
LOAD build_ci_canova_app_prod/application/paw3266.o
LOAD build_ci_canova_app_prod/application/pmw3816.o
LOAD build_ci_canova_app_prod/application/pmw3816regs.o
LOAD build_ci_canova_app_prod/application/protocol.o
LOAD build_ci_canova_app_prod/application/pwmppi.o
LOAD build_ci_canova_app_prod/application/pwm.o
LOAD build_ci_canova_app_prod/application/pwr.o
LOAD build_ci_canova_app_prod/application/pwrsrc_led.o
LOAD build_ci_canova_app_prod/application/rambo.o
LOAD build_ci_canova_app_prod/application/report_builder.o
LOAD build_ci_canova_app_prod/application/rf_report.o
LOAD build_ci_canova_app_prod/application/roller.o
LOAD build_ci_canova_app_prod/application/rtos.o
LOAD build_ci_canova_app_prod/application/scheduler.o
LOAD build_ci_canova_app_prod/application/sensor.o
LOAD build_ci_canova_app_prod/application/shift_reg.o
LOAD build_ci_canova_app_prod/application/sholo.o
LOAD build_ci_canova_app_prod/application/smartshift.o
LOAD build_ci_canova_app_prod/application/spi.o
LOAD build_ci_canova_app_prod/application/stack.o
LOAD build_ci_canova_app_prod/application/thumbwheel.o
LOAD build_ci_canova_app_prod/application/twi_master.o
LOAD build_ci_canova_app_prod/application/uicr.o
LOAD build_ci_canova_app_prod/application/usb.o
LOAD build_ci_canova_app_prod/application/usbd_hid.o
LOAD build_ci_canova_app_prod/application/usbd_hid_rpt.o
LOAD build_ci_canova_app_prod/application/watchdog.o
LOAD build_ci_canova_app_prod/application/x9201_testiqs324.o
LOAD build_ci_canova_app_prod/application/timestamp_rtt.o
LOAD build_ci_canova_app_prod/application_ble/lble_battery.o
LOAD build_ci_canova_app_prod/application_ble/lble_comm.o
LOAD build_ci_canova_app_prod/application_ble/lble_hidpp_routing.o
LOAD build_ci_canova_app_prod/application_ble/lble_passkey.o
LOAD build_ci_canova_app_prod/application_ble/lble_report.o
LOAD build_ci_canova_app_prod/config/batt_alka_cfg.o
LOAD build_ci_canova_app_prod/config/batt_lipol_cfg.o
LOAD build_ci_canova_app_prod/config/bootloader_cfg.o
LOAD build_ci_canova_app_prod/config/button_pb_cfg.o
LOAD build_ci_canova_app_prod/config/conn_scheme_cfg.o
LOAD build_ci_canova_app_prod/config/drv2624_cfg.o
LOAD build_ci_canova_app_prod/config/haptics_cfg.o
LOAD build_ci_canova_app_prod/config/kbd_map_cfg.o
LOAD build_ci_canova_app_prod/config/pwmppi_cfg.o
LOAD build_ci_canova_app_prod/config/pwr_sw_cfg.o
LOAD build_ci_canova_app_prod/config/sd_access_cfg.o
LOAD build_ci_canova_app_prod/config/waveform_cfg.o
LOAD build_ci_canova_app_prod/config/waveformgenerator_cfg.o
LOAD build_ci_canova_app_prod/config/lble_dtm_cfg.o
LOAD build_ci_canova_app_prod/config/hostsinfo_cfg.o
LOAD build_ci_canova_app_prod/config/lassert_cfg.o
LOAD build_ci_canova_app_prod/config/hidpp20_cfg.o
LOAD build_ci_canova_app_prod/config/x0003_fwinfo_cfg.o
LOAD build_ci_canova_app_prod/config/x0005_devname_cfg.o
LOAD build_ci_canova_app_prod/config/x1004_unifiedbattery_cfg.o
LOAD build_ci_canova_app_prod/config/x1602_manuf_tst_cfg.o
LOAD build_ci_canova_app_prod/config/x1602_compl_tst_cfg.o
LOAD build_ci_canova_app_prod/config/x1602_manuf_rbm27_cfg.o
LOAD build_ci_canova_app_prod/config/x1602_compl_cmn_cfg.o
LOAD build_ci_canova_app_prod/config/x1802_devicereset_cfg.o
LOAD build_ci_canova_app_prod/config/x1805_oobstate_cfg.o
LOAD build_ci_canova_app_prod/config/x1814_changehost_cfg.o
LOAD build_ci_canova_app_prod/config/x1816_bleproprepairing_cfg.o
LOAD build_ci_canova_app_prod/config/x1830_powermodes_cfg.o
LOAD build_ci_canova_app_prod/config/x1861_battcalibration_cfg.o
LOAD build_ci_canova_app_prod/config/x1890_rftest_cfg.o
LOAD build_ci_canova_app_prod/config/x18a1_ledtest_cfg.o
LOAD build_ci_canova_app_prod/config/x18b0_monitormode_cfg.o
LOAD build_ci_canova_app_prod/config/x18b1_monitormode_cfg.o
LOAD build_ci_canova_app_prod/config/x18c0_rollertest_cfg.o
LOAD build_ci_canova_app_prod/config/x19c0_forceSensingButton_cfg.o
LOAD build_ci_canova_app_prod/config/x1a00_presentercontrol_cfg.o
LOAD build_ci_canova_app_prod/config/x1b04_specialkeysmsebuttons_cfg.o
LOAD build_ci_canova_app_prod/config/x1e80_memoryaccess_cfg.o
LOAD build_ci_canova_app_prod/config/x2111_smartshiftwheel_cfg.o
LOAD build_ci_canova_app_prod/config/x2121_hireswheel_cfg.o
LOAD build_ci_canova_app_prod/config/x2130_ratchetwheel_cfg.o
LOAD build_ci_canova_app_prod/config/x2150_thumbwheel_cfg.o
LOAD build_ci_canova_app_prod/config/x2201_adjustabledpi_cfg.o
LOAD build_ci_canova_app_prod/config/x2250_analysismode_cfg.o
LOAD build_ci_canova_app_prod/config/x2251_mousewheelanalytics_cfg.o
LOAD build_ci_canova_app_prod/config/x4220_lockkeystate_cfg.o
LOAD build_ci_canova_app_prod/config/x4540_keyboardinternationallayout_cfg.o
LOAD build_ci_canova_app_prod/config/x9001_testpmw3816_cfg.o
LOAD build_ci_canova_app_prod/config/x9201_testiqs324_cfg.o
LOAD build_ci_canova_app_prod/config/x9205_testmlx903_cfg.o
LOAD build_ci_canova_app_prod/config/x9205_testmlx90394_cfg.o
LOAD build_ci_canova_app_prod/config/x920a_testHallSensor_cfg.o
LOAD build_ci_canova_app_prod/config/x9320_bleautomation_cfg.o
LOAD build_ci_canova_app_prod/config/x9402_testForceButton_cfg.o
LOAD build_ci_canova_app_prod/lble/lble_bond_mgr.o
LOAD build_ci_canova_app_prod/lble/lble_cli_ancs.o
LOAD build_ci_canova_app_prod/lble/lble_cli_dis.o
LOAD build_ci_canova_app_prod/lble/lble_cli_gap.o
LOAD build_ci_canova_app_prod/lble/lble_conn_params.o
LOAD build_ci_canova_app_prod/lble/lble_dtm.o
LOAD build_ci_canova_app_prod/lble/lble_gap.o
LOAD build_ci_canova_app_prod/lble/lble_gatt.o
LOAD build_ci_canova_app_prod/lble/lble_gattc.o
LOAD build_ci_canova_app_prod/lble/lble_main.o
LOAD build_ci_canova_app_prod/lble/lble_os_detection.o
LOAD build_ci_canova_app_prod/lble/lble_security.o
LOAD build_ci_canova_app_prod/lble/lble_stack.o
LOAD build_ci_canova_app_prod/lble/lble_svc_bas.o
LOAD build_ci_canova_app_prod/lble/lble_svc_dis.o
LOAD build_ci_canova_app_prod/lble/lble_svc_fast_pair.o
LOAD build_ci_canova_app_prod/lble/lble_svc_fast_pair_battery.o
LOAD build_ci_canova_app_prod/lble/lble_svc_fast_pair_crypto_aes128ecb.o
LOAD build_ci_canova_app_prod/lble/lble_svc_fast_pair_crypto_ecdh.o
LOAD build_ci_canova_app_prod/lble/lble_svc_fast_pair_crypto_hmac.o
LOAD build_ci_canova_app_prod/lble/lble_svc_fast_pair_crypto_sha256.o
LOAD build_ci_canova_app_prod/lble/lble_svc_fast_pair_log.o
LOAD build_ci_canova_app_prod/lble/lble_svc_fast_pair_nvs.o
LOAD build_ci_canova_app_prod/lble/lble_svc_fast_pair_registration.o
LOAD build_ci_canova_app_prod/lble/lble_svc_hid.o
LOAD build_ci_canova_app_prod/lble/lble_svc_scps.o
LOAD build_ci_canova_app_prod/lble/lble_svc_vendor_hidpp.o
LOAD build_ci_canova_app_prod/lble/mbr.o
LOAD build_ci_canova_app_prod/lble/lble_svc_bpro.o
LOAD build_ci_canova_app_prod/vendor/nrf5_sdk/modules/nrfx/mdk/system_nrf52833.o
LOAD build_ci_canova_app_prod/vendor/nrf5_sdk/components/ble/ble_dtm/ble_dtm.o
LOAD build_ci_canova_app_prod/vendor/nrf5_sdk/components/ble/ble_dtm/ble_dtm_hw_nrf52.o
LOAD build_ci_canova_app_prod/vendor/nrf5_sdk/components/libraries/atomic/nrf_atomic.o
LOAD build_ci_canova_app_prod/vendor/nrf5_sdk/components/libraries/atomic_fifo/nrf_atfifo.o
LOAD build_ci_canova_app_prod/vendor/nrf5_sdk/components/libraries/usbd/app_usbd.o
LOAD build_ci_canova_app_prod/vendor/nrf5_sdk/components/libraries/usbd/app_usbd_core.o
LOAD build_ci_canova_app_prod/vendor/nrf5_sdk/components/libraries/usbd/app_usbd_string_desc.o
LOAD build_ci_canova_app_prod/vendor/nrf5_sdk/components/libraries/usbd/class/hid/generic/app_usbd_hid_generic.o
LOAD build_ci_canova_app_prod/vendor/nrf5_sdk/components/libraries/usbd/class/hid/app_usbd_hid.o
LOAD build_ci_canova_app_prod/vendor/nrf5_sdk/components/libraries/util/app_util_platform.o
LOAD build_ci_canova_app_prod/vendor/nrf5_sdk/components/libraries/queue/nrf_queue.o
LOAD build_ci_canova_app_prod/vendor/nrf5_sdk/modules/nrfx/drivers/src/nrfx_systick.o
LOAD build_ci_canova_app_prod/vendor/nrf5_sdk/modules/nrfx/drivers/src/nrfx_usbd.o
LOAD build_ci_canova_app_prod/vendor/nrf5_sdk/modules/nrfx/soc/nrfx_atomic.o
LOAD build_ci_canova_app_prod/vendor/segger_rtt/RTT/SEGGER_RTT.o
LOAD build_ci_canova_app_prod/gcc_eclipse/gcc_startup_nrf52833_app.o
LOAD ../vendor/micro-ecc-nrf52/lib/micro_ecc_lib_nrf52_gcc.a
LOAD ../vendor/cpg-fastpair/libcpgfastpair_gcc.a
START GROUP
LOAD /usr/local/gcc-arm-none-eabi-6-2017-q2-update/bin/../lib/gcc/arm-none-eabi/6.3.1/thumb/v7e-m/libgcc.a
LOAD /usr/local/gcc-arm-none-eabi-6-2017-q2-update/bin/../lib/gcc/arm-none-eabi/6.3.1/../../../../arm-none-eabi/lib/thumb/v7e-m/libc_nano.a
END GROUP
START GROUP
LOAD /usr/local/gcc-arm-none-eabi-6-2017-q2-update/bin/../lib/gcc/arm-none-eabi/6.3.1/thumb/v7e-m/libgcc.a
LOAD /usr/local/gcc-arm-none-eabi-6-2017-q2-update/bin/../lib/gcc/arm-none-eabi/6.3.1/../../../../arm-none-eabi/lib/thumb/v7e-m/libc_nano.a
END GROUP
LOAD /usr/local/gcc-arm-none-eabi-6-2017-q2-update/bin/../lib/gcc/arm-none-eabi/6.3.1/thumb/v7e-m/crtend.o
LOAD /usr/local/gcc-arm-none-eabi-6-2017-q2-update/bin/../lib/gcc/arm-none-eabi/6.3.1/thumb/v7e-m/crtn.o
START GROUP
LOAD /usr/local/gcc-arm-none-eabi-6-2017-q2-update/bin/../lib/gcc/arm-none-eabi/6.3.1/thumb/v7e-m/libgcc.a
LOAD /usr/local/gcc-arm-none-eabi-6-2017-q2-update/bin/../lib/gcc/arm-none-eabi/6.3.1/../../../../arm-none-eabi/lib/thumb/v7e-m/libc.a
LOAD /usr/local/gcc-arm-none-eabi-6-2017-q2-update/bin/../lib/gcc/arm-none-eabi/6.3.1/../../../../arm-none-eabi/lib/thumb/v7e-m/libnosys.a
END GROUP
                [!provide]                        PROVIDE (__flash_btldr_start__, ORIGIN (FLASH_BTLDR))
                [!provide]                        PROVIDE (__flash_btldr_length__, LENGTH (FLASH_BTLDR))
                [!provide]                        PROVIDE (__flash_btldr_end__, (ORIGIN (FLASH_BTLDR) + LENGTH (FLASH_BTLDR)))
                [!provide]                        PROVIDE (__flash_app_start__, ORIGIN (FLASH_APP))
                [!provide]                        PROVIDE (__flash_app_length__, LENGTH (FLASH_APP))
                [!provide]                        PROVIDE (__flash_app_end__, (ORIGIN (FLASH_APP) + LENGTH (FLASH_APP)))

.text           0x000000000001c000    0x19178
 *(.Vectors)
 .Vectors       0x000000000001c000      0x204 build_ci_canova_app_prod/gcc_eclipse/gcc_startup_nrf52833_app.o
                0x000000000001c000                __Vectors
 *(.text*)
 .text          0x000000000001c204       0x6c /usr/local/gcc-arm-none-eabi-6-2017-q2-update/bin/../lib/gcc/arm-none-eabi/6.3.1/thumb/v7e-m/crtbegin.o
 .text          0x000000000001c270       0x74 /usr/local/gcc-arm-none-eabi-6-2017-q2-update/bin/../lib/gcc/arm-none-eabi/6.3.1/../../../../arm-none-eabi/lib/thumb/v7e-m/crt0.o
                0x000000000001c270                _mainCRTStartup
                0x000000000001c270                _start
 .text.lblecfg_isSwiftPairEnabled
                0x000000000001c2e4       0x22 build_ci_canova_app_prod/lfa/ble/lble_configurable_properties.o
                0x000000000001c2e4                lblecfg_isSwiftPairEnabled
 .text.timer_start
                0x000000000001c306        0xc build_ci_canova_app_prod/lfa/coreapi/timer.o
                0x000000000001c306                timer_start
 .text.timer_startUs
                0x000000000001c312        0xc build_ci_canova_app_prod/lfa/coreapi/timer.o
                0x000000000001c312                timer_startUs
 .text.timer_getElapsedMs
                0x000000000001c31e        0xe build_ci_canova_app_prod/lfa/coreapi/timer.o
                0x000000000001c31e                timer_getElapsedMs
 .text.timer_getElapsedUs
                0x000000000001c32c        0xe build_ci_canova_app_prod/lfa/coreapi/timer.o
                0x000000000001c32c                timer_getElapsedUs
 .text.timer_getElapsedMsAndRestart
                0x000000000001c33a       0x10 build_ci_canova_app_prod/lfa/coreapi/timer.o
                0x000000000001c33a                timer_getElapsedMsAndRestart
 .text.hmac_dgstBE
                0x000000000001c34a       0x9c build_ci_canova_app_prod/lfa/crypto/lhmac.o
                0x000000000001c34a                hmac_dgstBE
 *fill*         0x000000000001c3e6        0x2 
 .text.sha256Blk
                0x000000000001c3e8      0x114 build_ci_canova_app_prod/lfa/crypto/lsha-256.o
 .text.sha256Pad.constprop.0
                0x000000000001c4fc       0x40 build_ci_canova_app_prod/lfa/crypto/lsha-256.o
 .text.sha256_dgst
                0x000000000001c53c       0x84 build_ci_canova_app_prod/lfa/crypto/lsha-256.o
                0x000000000001c53c                sha256_dgst
 .text.sha256_dgstBE
                0x000000000001c5c0       0x34 build_ci_canova_app_prod/lfa/crypto/lsha-256.o
                0x000000000001c5c0                sha256_dgstBE
 .text.equad_CalculateCRC
                0x000000000001c5f4       0x34 build_ci_canova_app_prod/lfa/equad/equad_cmn.o
                0x000000000001c5f4                equad_CalculateCRC
 .text.equad_CheckCRC
                0x000000000001c628       0x32 build_ci_canova_app_prod/lfa/equad/equad_cmn.o
                0x000000000001c628                equad_CheckCRC
 .text.equad_SizeOfMessage
                0x000000000001c65a       0x20 build_ci_canova_app_prod/lfa/equad/equad_cmn.o
                0x000000000001c65a                equad_SizeOfMessage
 *fill*         0x000000000001c67a        0x2 
 .text.equad_indexToChannelMHz
                0x000000000001c67c       0x10 build_ci_canova_app_prod/lfa/equad/equad_cmn.o
                0x000000000001c67c                equad_indexToChannelMHz
 .text.GothardInitRandomAddr
                0x000000000001c68c       0x40 build_ci_canova_app_prod/lfa/equad/equad_dvc.o
 .text.EquadMessageSendSuccessfull
                0x000000000001c6cc       0x84 build_ci_canova_app_prod/lfa/equad/equad_dvc.o
 .text.DvcBroadcastSendMessage
                0x000000000001c750       0x34 build_ci_canova_app_prod/lfa/equad/equad_dvc.o
 .text.DvcProcLinkLossLevel2
                0x000000000001c784       0x6c build_ci_canova_app_prod/lfa/equad/equad_dvc.o
 .text.DvcProcLinkLossLevel3
                0x000000000001c7f0       0x88 build_ci_canova_app_prod/lfa/equad/equad_dvc.o
 .text.DvcEQuad_ScanRF
                0x000000000001c878       0x48 build_ci_canova_app_prod/lfa/equad/equad_dvc.o
 .text.nrf_delay_ms.part.0
                0x000000000001c8c0       0x1c build_ci_canova_app_prod/lfa/equad/equad_dvc.o
 .text.GothardAckFromDevice.part.2
                0x000000000001c8dc       0x14 build_ci_canova_app_prod/lfa/equad/equad_dvc.o
 .text.GothardNegResponseReceived
                0x000000000001c8f0       0x68 build_ci_canova_app_prod/lfa/equad/equad_dvc.o
 .text.GothardAckFromDevice
                0x000000000001c958       0x28 build_ci_canova_app_prod/lfa/equad/equad_dvc.o
 .text.eqdvc_WriteBuffer
                0x000000000001c980      0x158 build_ci_canova_app_prod/lfa/equad/equad_dvc.o
                0x000000000001c980                eqdvc_WriteBuffer
 .text.eqdvc_ReadBuffer
                0x000000000001cad8       0x4c build_ci_canova_app_prod/lfa/equad/equad_dvc.o
                0x000000000001cad8                eqdvc_ReadBuffer
 .text.eqdvc_GoDiscoverable
                0x000000000001cb24       0x3c build_ci_canova_app_prod/lfa/equad/equad_dvc.o
                0x000000000001cb24                eqdvc_GoDiscoverable
 .text.eqdvc_DeletePairingInfo
                0x000000000001cb60       0x26 build_ci_canova_app_prod/lfa/equad/equad_dvc.o
                0x000000000001cb60                eqdvc_DeletePairingInfo
 .text.eqdvc_DeleteAllPairingInfo
                0x000000000001cb86       0x1e build_ci_canova_app_prod/lfa/equad/equad_dvc.o
                0x000000000001cb86                eqdvc_DeleteAllPairingInfo
 .text.eqdvc_ReInitialize
                0x000000000001cba4      0x208 build_ci_canova_app_prod/lfa/equad/equad_dvc.o
                0x000000000001cba4                eqdvc_ReInitialize
 .text.eqdvc_Initialize
                0x000000000001cdac       0x1c build_ci_canova_app_prod/lfa/equad/equad_dvc.o
                0x000000000001cdac                eqdvc_Initialize
 .text.eqdvc_SetHostIndex
                0x000000000001cdc8       0x14 build_ci_canova_app_prod/lfa/equad/equad_dvc.o
                0x000000000001cdc8                eqdvc_SetHostIndex
 .text.DvcBroadcastTimeOutSupervisor
                0x000000000001cddc       0x28 build_ci_canova_app_prod/lfa/equad/equad_dvc.o
 .text.eqdvc_MainLoop
                0x000000000001ce04      0x954 build_ci_canova_app_prod/lfa/equad/equad_dvc.o
                0x000000000001ce04                eqdvc_MainLoop
 .text.eqdvc_IsPairingInfoEmpty
                0x000000000001d758       0x1a build_ci_canova_app_prod/lfa/equad/equad_dvc.o
                0x000000000001d758                eqdvc_IsPairingInfoEmpty
 .text.crc_16ccitt
                0x000000000001d772       0x2a build_ci_canova_app_prod/lfa/gpapi/crc_ccitt.o
                0x000000000001d772                crc_16ccitt
 .text.unit_id_getValue
                0x000000000001d79c       0x30 build_ci_canova_app_prod/lfa/gpapi/unit_id.o
                0x000000000001d79c                unit_id_getValue
 .text.unit_id_init
                0x000000000001d7cc        0x4 build_ci_canova_app_prod/lfa/gpapi/unit_id.o
                0x000000000001d7cc                unit_id_init
 .text.getData  0x000000000001d7d0       0x32 build_ci_canova_app_prod/lfa/gpapi/config_data.o
 .text.cfgdata_getData
                0x000000000001d802       0x22 build_ci_canova_app_prod/lfa/gpapi/config_data.o
                0x000000000001d802                cfgdata_getData
 .text.cfgdata_getStrg
                0x000000000001d824       0x26 build_ci_canova_app_prod/lfa/gpapi/config_data.o
                0x000000000001d824                cfgdata_getStrg
 .text.cfgdata_getNonEmptyStrg
                0x000000000001d84a       0x58 build_ci_canova_app_prod/lfa/gpapi/config_data.o
                0x000000000001d84a                cfgdata_getNonEmptyStrg
 .text.cfgdata_getUInt8
                0x000000000001d8a2       0x22 build_ci_canova_app_prod/lfa/gpapi/config_data.o
                0x000000000001d8a2                cfgdata_getUInt8
 .text.cfgdata_getUInt16
                0x000000000001d8c4       0x24 build_ci_canova_app_prod/lfa/gpapi/config_data.o
                0x000000000001d8c4                cfgdata_getUInt16
 .text.STRNLEN  0x000000000001d8e8       0x14 build_ci_canova_app_prod/lfa/gpapi/hostsinfo_nvs.o
 .text.writeHostInfos
                0x000000000001d8fc       0x10 build_ci_canova_app_prod/lfa/gpapi/hostsinfo_nvs.o
 .text.readHostInfos
                0x000000000001d90c       0x24 build_ci_canova_app_prod/lfa/gpapi/hostsinfo_nvs.o
 .text.hinf_setHostBusType
                0x000000000001d930       0x2c build_ci_canova_app_prod/lfa/gpapi/hostsinfo_nvs.o
                0x000000000001d930                hinf_setHostBusType
 .text.hinf_getHostBusType
                0x000000000001d95c       0x1a build_ci_canova_app_prod/lfa/gpapi/hostsinfo_nvs.o
                0x000000000001d95c                hinf_getHostBusType
 .text.hinf_setHostDescrNumPages
                0x000000000001d976       0x92 build_ci_canova_app_prod/lfa/gpapi/hostsinfo_nvs.o
                0x000000000001d976                hinf_setHostDescrNumPages
 .text.hinf_getHostDescrNumPages
                0x000000000001da08       0x1a build_ci_canova_app_prod/lfa/gpapi/hostsinfo_nvs.o
                0x000000000001da08                hinf_getHostDescrNumPages
 .text.hinf_getHostDescrPages
                0x000000000001da22       0x62 build_ci_canova_app_prod/lfa/gpapi/hostsinfo_nvs.o
                0x000000000001da22                hinf_getHostDescrPages
 .text.hinf_setHostDescrPages
                0x000000000001da84       0x5c build_ci_canova_app_prod/lfa/gpapi/hostsinfo_nvs.o
                0x000000000001da84                hinf_setHostDescrPages
 .text.hinf_getHostNameLen
                0x000000000001dae0       0x2a build_ci_canova_app_prod/lfa/gpapi/hostsinfo_nvs.o
                0x000000000001dae0                hinf_getHostNameLen
 .text.hinf_getHostNameChunk
                0x000000000001db0a       0x54 build_ci_canova_app_prod/lfa/gpapi/hostsinfo_nvs.o
                0x000000000001db0a                hinf_getHostNameChunk
 .text.hinf_setHostNameChunk
                0x000000000001db5e       0x6a build_ci_canova_app_prod/lfa/gpapi/hostsinfo_nvs.o
                0x000000000001db5e                hinf_setHostNameChunk
 .text.hinf_getHostOsVersion
                0x000000000001dbc8       0x1e build_ci_canova_app_prod/lfa/gpapi/hostsinfo_nvs.o
                0x000000000001dbc8                hinf_getHostOsVersion
 .text.hinf_setHostOsVersion
                0x000000000001dbe6       0x28 build_ci_canova_app_prod/lfa/gpapi/hostsinfo_nvs.o
                0x000000000001dbe6                hinf_setHostOsVersion
 .text.hinf_deleteHost
                0x000000000001dc0e       0x2e build_ci_canova_app_prod/lfa/gpapi/hostsinfo_nvs.o
                0x000000000001dc0e                hinf_deleteHost
 .text.wfg_init
                0x000000000001dc3c        0xc build_ci_canova_app_prod/lfa/gpapi/wavegen/waveformgenerator.o
                0x000000000001dc3c                wfg_init
 .text.wfg_show
                0x000000000001dc48       0x74 build_ci_canova_app_prod/lfa/gpapi/wavegen/waveformgenerator.o
                0x000000000001dc48                wfg_show
 .text.wfg_task
                0x000000000001dcbc       0xc8 build_ci_canova_app_prod/lfa/gpapi/wavegen/waveformgenerator.o
                0x000000000001dcbc                wfg_task
 .text.linearRampUp
                0x000000000001dd84       0x10 build_ci_canova_app_prod/lfa/gpapi/wavegen/wavesegment.o
                0x000000000001dd84                linearRampUp
 .text.linearRampDownOffset
                0x000000000001dd94       0x12 build_ci_canova_app_prod/lfa/gpapi/wavegen/wavesegment.o
                0x000000000001dd94                linearRampDownOffset
 .text.linearRampDown
                0x000000000001dda6        0x4 build_ci_canova_app_prod/lfa/gpapi/wavegen/wavesegment.o
                0x000000000001dda6                linearRampDown
 .text.constantON
                0x000000000001ddaa        0x4 build_ci_canova_app_prod/lfa/gpapi/wavegen/wavesegment.o
                0x000000000001ddaa                constantON
 .text.constantOFF
                0x000000000001ddae        0x4 build_ci_canova_app_prod/lfa/gpapi/wavegen/wavesegment.o
                0x000000000001ddae                constantOFF
 *fill*         0x000000000001ddb2        0x2 
 .text.hidpp20_init
                0x000000000001ddb4       0x34 build_ci_canova_app_prod/lfa/hidpp20/hidpp20.o
                0x000000000001ddb4                hidpp20_init
 .text.hidpp20_enableEngineeringFeatures
                0x000000000001dde8        0xc build_ci_canova_app_prod/lfa/hidpp20/hidpp20.o
                0x000000000001dde8                hidpp20_enableEngineeringFeatures
 .text.hidpp20_disableEngineeringFeatures
                0x000000000001ddf4        0xc build_ci_canova_app_prod/lfa/hidpp20/hidpp20.o
                0x000000000001ddf4                hidpp20_disableEngineeringFeatures
 .text.hidpp20_isEngineeringEnabled
                0x000000000001de00        0xc build_ci_canova_app_prod/lfa/hidpp20/hidpp20.o
                0x000000000001de00                hidpp20_isEngineeringEnabled
 .text.hidpp20_isValidHidpp20Payload
                0x000000000001de0c       0x10 build_ci_canova_app_prod/lfa/hidpp20/hidpp20.o
                0x000000000001de0c                hidpp20_isValidHidpp20Payload
 .text.hidpp20_processOldHidppMessage
                0x000000000001de1c       0x1c build_ci_canova_app_prod/lfa/hidpp20/hidpp20.o
                0x000000000001de1c                hidpp20_processOldHidppMessage
 .text.hidpp20_processNotification
                0x000000000001de38       0x48 build_ci_canova_app_prod/lfa/hidpp20/hidpp20.o
                0x000000000001de38                hidpp20_processNotification
 .text.hidpp20_processMessage
                0x000000000001de80       0xdc build_ci_canova_app_prod/lfa/hidpp20/hidpp20.o
                0x000000000001de80                hidpp20_processMessage
 .text.hidpp20_task
                0x000000000001df5c       0x6c build_ci_canova_app_prod/lfa/hidpp20/hidpp20.o
                0x000000000001df5c                hidpp20_task
 .text.root_getFeature
                0x000000000001dfc8       0x40 build_ci_canova_app_prod/lfa/hidpp20/x0000_root.o
                0x000000000001dfc8                root_getFeature
 .text.root_pingFeature
                0x000000000001e008       0x10 build_ci_canova_app_prod/lfa/hidpp20/x0000_root.o
                0x000000000001e008                root_pingFeature
 .text.featureset_getCount
                0x000000000001e018       0x10 build_ci_canova_app_prod/lfa/hidpp20/x0001_featureset.o
                0x000000000001e018                featureset_getCount
 .text.featureset_getFeatureId
                0x000000000001e028       0x2c build_ci_canova_app_prod/lfa/hidpp20/x0001_featureset.o
                0x000000000001e028                featureset_getFeatureId
 .text.x0003_getDeviceInfo
                0x000000000001e054       0x34 build_ci_canova_app_prod/lfa/hidpp20/x0003_fwinfo.o
                0x000000000001e054                x0003_getDeviceInfo
 .text.x0003_getFwInfo
                0x000000000001e088        0x4 build_ci_canova_app_prod/lfa/hidpp20/x0003_fwinfo.o
                0x000000000001e088                x0003_getFwInfo
 .text.x0003_getDeviceSerialNumber
                0x000000000001e08c       0x50 build_ci_canova_app_prod/lfa/hidpp20/x0003_fwinfo.o
                0x000000000001e08c                x0003_getDeviceSerialNumber
 .text.devname_GetDeviceType
                0x000000000001e0dc       0x16 build_ci_canova_app_prod/lfa/hidpp20/x0005_devname.o
                0x000000000001e0dc                devname_GetDeviceType
 .text.devname_getDeviceName
                0x000000000001e0f2       0x7e build_ci_canova_app_prod/lfa/hidpp20/x0005_devname.o
                0x000000000001e0f2                devname_getDeviceName
 .text.devname_getDeviceNameLength
                0x000000000001e170       0x44 build_ci_canova_app_prod/lfa/hidpp20/x0005_devname.o
                0x000000000001e170                devname_getDeviceNameLength
 .text.getFriendlyName
                0x000000000001e1b4       0x30 build_ci_canova_app_prod/lfa/hidpp20/x0007_devicefriendlyname.o
 .text.getDefaultFriendlyName
                0x000000000001e1e4       0x2c build_ci_canova_app_prod/lfa/hidpp20/x0007_devicefriendlyname.o
 .text.x0007_getFriendlyNameLen
                0x000000000001e210       0x1e build_ci_canova_app_prod/lfa/hidpp20/x0007_devicefriendlyname.o
                0x000000000001e210                x0007_getFriendlyNameLen
 .text.x0007_getDefaultFriendlyNameChunk
                0x000000000001e22e       0x2e build_ci_canova_app_prod/lfa/hidpp20/x0007_devicefriendlyname.o
                0x000000000001e22e                x0007_getDefaultFriendlyNameChunk
 .text.x0007_setFriendlyNameChunk
                0x000000000001e25c       0x7a build_ci_canova_app_prod/lfa/hidpp20/x0007_devicefriendlyname.o
                0x000000000001e25c                x0007_setFriendlyNameChunk
 .text.x0007_resetFriendlyName
                0x000000000001e2d6       0x26 build_ci_canova_app_prod/lfa/hidpp20/x0007_devicefriendlyname.o
                0x000000000001e2d6                x0007_resetFriendlyName
 .text.x0007_getFriendlyNameChunk
                0x000000000001e2fc       0x2e build_ci_canova_app_prod/lfa/hidpp20/x0007_devicefriendlyname.o
                0x000000000001e2fc                x0007_getFriendlyNameChunk
 *fill*         0x000000000001e32a        0x2 
 .text.x0011_getPropertyInfo
                0x000000000001e32c       0x74 build_ci_canova_app_prod/lfa/hidpp20/x0011_propertyaccess.o
                0x000000000001e32c                x0011_getPropertyInfo
 .text.x0011_readProperty
                0x000000000001e3a0       0x64 build_ci_canova_app_prod/lfa/hidpp20/x0011_propertyaccess.o
                0x000000000001e3a0                x0011_readProperty
 .text.x0011_selectProperty
                0x000000000001e404       0x4c build_ci_canova_app_prod/lfa/hidpp20/x0011_propertyaccess.o
                0x000000000001e404                x0011_selectProperty
 .text.x0011_reinit
                0x000000000001e450        0xc build_ci_canova_app_prod/lfa/hidpp20/x0011_propertyaccess.o
                0x000000000001e450                x0011_reinit
 .text.x0020_getConfigurationCookie
                0x000000000001e45c       0x14 build_ci_canova_app_prod/lfa/hidpp20/x0020_configchange.o
                0x000000000001e45c                x0020_getConfigurationCookie
 .text.x0020_setConfigurationComplete
                0x000000000001e470       0x28 build_ci_canova_app_prod/lfa/hidpp20/x0020_configchange.o
                0x000000000001e470                x0020_setConfigurationComplete
 .text.x0020_setConfigurationToDefault
                0x000000000001e498        0xc build_ci_canova_app_prod/lfa/hidpp20/x0020_configchange.o
                0x000000000001e498                x0020_setConfigurationToDefault
 .text.getIdChunk
                0x000000000001e4a4       0x4e build_ci_canova_app_prod/lfa/hidpp20/x0021_32byteid.o
 .text.x0021_getByte0_15
                0x000000000001e4f2        0x6 build_ci_canova_app_prod/lfa/hidpp20/x0021_32byteid.o
                0x000000000001e4f2                x0021_getByte0_15
 .text.x0021_getByte16_31
                0x000000000001e4f8        0x6 build_ci_canova_app_prod/lfa/hidpp20/x0021_32byteid.o
                0x000000000001e4f8                x0021_getByte16_31
 .text.x0021_regenId
                0x000000000001e4fe       0x18 build_ci_canova_app_prod/lfa/hidpp20/x0021_32byteid.o
                0x000000000001e4fe                x0021_regenId
 .text.x00c3_getDfuControl
                0x000000000001e516       0x3c build_ci_canova_app_prod/lfa/hidpp20/x00c3_dfu_control.o
                0x000000000001e516                x00c3_getDfuControl
 *fill*         0x000000000001e552        0x2 
 .text.x00c3_setDfuControl
                0x000000000001e554       0x5c build_ci_canova_app_prod/lfa/hidpp20/x00c3_dfu_control.o
                0x000000000001e554                x00c3_setDfuControl
 .text.x00c3_dfuTimeoutEvent
                0x000000000001e5b0        0x4 build_ci_canova_app_prod/lfa/hidpp20/x00c3_dfu_control.o
                0x000000000001e5b0                x00c3_dfuTimeoutEvent
 .text.x00c3_init
                0x000000000001e5b4       0x34 build_ci_canova_app_prod/lfa/hidpp20/x00c3_dfu_control.o
                0x000000000001e5b4                x00c3_init
 .text.x00c3_task
                0x000000000001e5e8       0x4c build_ci_canova_app_prod/lfa/hidpp20/x00c3_dfu_control.o
                0x000000000001e5e8                x00c3_task
 .text.x00c3_isDfuRequested
                0x000000000001e634        0xc build_ci_canova_app_prod/lfa/hidpp20/x00c3_dfu_control.o
                0x000000000001e634                x00c3_isDfuRequested
 .text.x1004_getCapabilities
                0x000000000001e640        0x6 build_ci_canova_app_prod/lfa/hidpp20/x1004_unifiedbattery.o
                0x000000000001e640                x1004_getCapabilities
 .text.x1004_getStatus
                0x000000000001e646        0x6 build_ci_canova_app_prod/lfa/hidpp20/x1004_unifiedbattery.o
                0x000000000001e646                x1004_getStatus
 .text.x1004_broadcastBatteryStatus
                0x000000000001e64c        0x4 build_ci_canova_app_prod/lfa/hidpp20/x1004_unifiedbattery.o
                0x000000000001e64c                x1004_broadcastBatteryStatus
 .text.x1004_showBatteryStatus
                0x000000000001e650        0x4 build_ci_canova_app_prod/lfa/hidpp20/x1004_unifiedbattery.o
                0x000000000001e650                x1004_showBatteryStatus
 .text.x1602_passwd1
                0x000000000001e654        0x4 build_ci_canova_app_prod/lfa/hidpp20/x1602_passwd_auth.o
                0x000000000001e654                x1602_passwd1
 .text.x1602_startSession
                0x000000000001e658       0x58 build_ci_canova_app_prod/lfa/hidpp20/x1602_passwd_auth.o
                0x000000000001e658                x1602_startSession
 .text.x1602_passwd0
                0x000000000001e6b0       0xc4 build_ci_canova_app_prod/lfa/hidpp20/x1602_passwd_auth.o
                0x000000000001e6b0                x1602_passwd0
 .text.x1602_reinit
                0x000000000001e774       0x18 build_ci_canova_app_prod/lfa/hidpp20/x1602_passwd_auth.o
                0x000000000001e774                x1602_reinit
 .text.x1602_isSessionOpen
                0x000000000001e78c       0x34 build_ci_canova_app_prod/lfa/hidpp20/x1602_passwd_auth.o
                0x000000000001e78c                x1602_isSessionOpen
 .text.x1602_closeSession
                0x000000000001e7c0       0x34 build_ci_canova_app_prod/lfa/hidpp20/x1602_passwd_auth.o
                0x000000000001e7c0                x1602_closeSession
 .text.x1602_endSession
                0x000000000001e7f4       0x10 build_ci_canova_app_prod/lfa/hidpp20/x1602_passwd_auth.o
                0x000000000001e7f4                x1602_endSession
 .text.x1802_ForceDeviceReset
                0x000000000001e804        0xa build_ci_canova_app_prod/lfa/hidpp20/x1802_devicereset.o
                0x000000000001e804                x1802_ForceDeviceReset
 .text.getBe32  0x000000000001e80e       0x16 build_ci_canova_app_prod/lfa/hidpp20/x1803_gpioaccess.o
 .text.isValidAccess
                0x000000000001e824       0x40 build_ci_canova_app_prod/lfa/hidpp20/x1803_gpioaccess.o
 .text.x1803_setGroupIn
                0x000000000001e864       0x38 build_ci_canova_app_prod/lfa/hidpp20/x1803_gpioaccess.o
                0x000000000001e864                x1803_setGroupIn
 .text.x1803_writeGroupOut
                0x000000000001e89c       0x50 build_ci_canova_app_prod/lfa/hidpp20/x1803_gpioaccess.o
                0x000000000001e89c                x1803_writeGroupOut
 .text.x1803_writeGroup
                0x000000000001e8ec       0x4c build_ci_canova_app_prod/lfa/hidpp20/x1803_gpioaccess.o
                0x000000000001e8ec                x1803_writeGroup
 .text.x1803_readGroup
                0x000000000001e938       0x54 build_ci_canova_app_prod/lfa/hidpp20/x1803_gpioaccess.o
                0x000000000001e938                x1803_readGroup
 .text.x1803_readGroupOut
                0x000000000001e98c       0x54 build_ci_canova_app_prod/lfa/hidpp20/x1803_gpioaccess.o
                0x000000000001e98c                x1803_readGroupOut
 .text.x1805_setOobState
                0x000000000001e9e0        0xa build_ci_canova_app_prod/lfa/hidpp20/x1805_oobstate.o
                0x000000000001e9e0                x1805_setOobState
 *fill*         0x000000000001e9ea        0x2 
 .text.x1807_getPropertyInfo
                0x000000000001e9ec       0x74 build_ci_canova_app_prod/lfa/hidpp20/x1807_configurableproperties.o
                0x000000000001e9ec                x1807_getPropertyInfo
 .text.x1807_readProperty
                0x000000000001ea60       0x64 build_ci_canova_app_prod/lfa/hidpp20/x1807_configurableproperties.o
                0x000000000001ea60                x1807_readProperty
 .text.x1807_writeProperty
                0x000000000001eac4       0x90 build_ci_canova_app_prod/lfa/hidpp20/x1807_configurableproperties.o
                0x000000000001eac4                x1807_writeProperty
 .text.x1807_deleteProperty
                0x000000000001eb54       0x38 build_ci_canova_app_prod/lfa/hidpp20/x1807_configurableproperties.o
                0x000000000001eb54                x1807_deleteProperty
 .text.x1807_selectProperty
                0x000000000001eb8c       0x64 build_ci_canova_app_prod/lfa/hidpp20/x1807_configurableproperties.o
                0x000000000001eb8c                x1807_selectProperty
 .text.x1807_reinit
                0x000000000001ebf0        0xc build_ci_canova_app_prod/lfa/hidpp20/x1807_configurableproperties.o
                0x000000000001ebf0                x1807_reinit
 .text.x1814_getCapabilities
                0x000000000001ebfc        0x6 build_ci_canova_app_prod/lfa/hidpp20/x1814_changehost.o
                0x000000000001ebfc                x1814_getCapabilities
 .text.x1814_getHostInfo
                0x000000000001ec02       0x14 build_ci_canova_app_prod/lfa/hidpp20/x1814_changehost.o
                0x000000000001ec02                x1814_getHostInfo
 .text.x1814_getCookies
                0x000000000001ec16        0x8 build_ci_canova_app_prod/lfa/hidpp20/x1814_changehost.o
                0x000000000001ec16                x1814_getCookies
 .text.x1814_setCurrentHost
                0x000000000001ec1e       0x34 build_ci_canova_app_prod/lfa/hidpp20/x1814_changehost.o
                0x000000000001ec1e                x1814_setCurrentHost
 .text.x1814_setCookie
                0x000000000001ec52       0x3a build_ci_canova_app_prod/lfa/hidpp20/x1814_changehost.o
                0x000000000001ec52                x1814_setCookie
 .text.x1815_moveHost
                0x000000000001ec8c        0x4 build_ci_canova_app_prod/lfa/hidpp20/x1815_hostsinfo.o
                0x000000000001ec8c                x1815_moveHost
 .text.x1815_getFeatureInfo
                0x000000000001ec90       0x1a build_ci_canova_app_prod/lfa/hidpp20/x1815_hostsinfo.o
                0x000000000001ec90                x1815_getFeatureInfo
 .text.checkHostIndex
                0x000000000001ecaa       0x10 build_ci_canova_app_prod/lfa/hidpp20/x1815_hostsinfo.o
 .text.x1815_getHostInfo
                0x000000000001ecba       0x3c build_ci_canova_app_prod/lfa/hidpp20/x1815_hostsinfo.o
                0x000000000001ecba                x1815_getHostInfo
 .text.x1815_getHostDescriptor
                0x000000000001ecf6       0x4e build_ci_canova_app_prod/lfa/hidpp20/x1815_hostsinfo.o
                0x000000000001ecf6                x1815_getHostDescriptor
 .text.x1815_getHostFriendlyName
                0x000000000001ed44       0x28 build_ci_canova_app_prod/lfa/hidpp20/x1815_hostsinfo.o
                0x000000000001ed44                x1815_getHostFriendlyName
 .text.x1815_setHostFriendlyName
                0x000000000001ed6c       0x34 build_ci_canova_app_prod/lfa/hidpp20/x1815_hostsinfo.o
                0x000000000001ed6c                x1815_setHostFriendlyName
 .text.x1815_getHostOsVersion
                0x000000000001eda0       0x26 build_ci_canova_app_prod/lfa/hidpp20/x1815_hostsinfo.o
                0x000000000001eda0                x1815_getHostOsVersion
 .text.x1815_setHostOsVersion
                0x000000000001edc6       0x22 build_ci_canova_app_prod/lfa/hidpp20/x1815_hostsinfo.o
                0x000000000001edc6                x1815_setHostOsVersion
 .text.x1815_deleteHost
                0x000000000001ede8        0x4 build_ci_canova_app_prod/lfa/hidpp20/x1815_hostsinfo.o
                0x000000000001ede8                x1815_deleteHost
 .text.x1816_setCsrkRemote
                0x000000000001edec        0x4 build_ci_canova_app_prod/lfa/hidpp20/x1816_bleproprepairing.o
                0x000000000001edec                x1816_setCsrkRemote
 .text.x1816_prepairingMgmt
                0x000000000001edf0       0xb8 build_ci_canova_app_prod/lfa/hidpp20/x1816_bleproprepairing.o
                0x000000000001edf0                x1816_prepairingMgmt
 .text.x1816_setLtk
                0x000000000001eea8       0x34 build_ci_canova_app_prod/lfa/hidpp20/x1816_bleproprepairing.o
                0x000000000001eea8                x1816_setLtk
 .text.x1816_setIrkLocal
                0x000000000001eedc       0x34 build_ci_canova_app_prod/lfa/hidpp20/x1816_bleproprepairing.o
                0x000000000001eedc                x1816_setIrkLocal
 .text.x1816_setIrkRemote
                0x000000000001ef10       0x34 build_ci_canova_app_prod/lfa/hidpp20/x1816_bleproprepairing.o
                0x000000000001ef10                x1816_setIrkRemote
 .text.x1816_setPrepairingData
                0x000000000001ef44       0x40 build_ci_canova_app_prod/lfa/hidpp20/x1816_bleproprepairing.o
                0x000000000001ef44                x1816_setPrepairingData
 .text.x1816_getPrepairingData
                0x000000000001ef84       0x38 build_ci_canova_app_prod/lfa/hidpp20/x1816_bleproprepairing.o
                0x000000000001ef84                x1816_getPrepairingData
 .text.x1816_setCsrkLocal
                0x000000000001efbc        0x4 build_ci_canova_app_prod/lfa/hidpp20/x1816_bleproprepairing.o
                0x000000000001efbc                x1816_setCsrkLocal
 .text.x1830_GetPowerModesTotalNumber
                0x000000000001efc0        0x6 build_ci_canova_app_prod/lfa/hidpp20/x1830_powermodes.o
                0x000000000001efc0                x1830_GetPowerModesTotalNumber
 .text.x1830_SetPowerMode
                0x000000000001efc6        0x4 build_ci_canova_app_prod/lfa/hidpp20/x1830_powermodes.o
                0x000000000001efc6                x1830_SetPowerMode
 .text.x1861_getBattCalibrationInfo
                0x000000000001efca       0x1a build_ci_canova_app_prod/lfa/hidpp20/x1861_battcalibration.o
                0x000000000001efca                x1861_getBattCalibrationInfo
 .text.x1861_setBatterySourceInfo
                0x000000000001efe4        0x4 build_ci_canova_app_prod/lfa/hidpp20/x1861_battcalibration.o
                0x000000000001efe4                x1861_setBatterySourceInfo
 .text.x1861_measureBattery
                0x000000000001efe8       0x12 build_ci_canova_app_prod/lfa/hidpp20/x1861_battcalibration.o
                0x000000000001efe8                x1861_measureBattery
 .text.x1861_cutoffControl
                0x000000000001effa       0x22 build_ci_canova_app_prod/lfa/hidpp20/x1861_battcalibration.o
                0x000000000001effa                x1861_cutoffControl
 .text.x1861_storeCalibration
                0x000000000001f01c       0x34 build_ci_canova_app_prod/lfa/hidpp20/x1861_battcalibration.o
                0x000000000001f01c                x1861_storeCalibration
 .text.x1861_readCalibration
                0x000000000001f050       0x2e build_ci_canova_app_prod/lfa/hidpp20/x1861_battcalibration.o
                0x000000000001f050                x1861_readCalibration
 .text.powerConv
                0x000000000001f07e       0x44 build_ci_canova_app_prod/lfa/hidpp20/x1890_91_rftest_eqmac.o
 .text.x1891_convRadiomode
                0x000000000001f0c2       0x2c build_ci_canova_app_prod/lfa/hidpp20/x1890_91_rftest_eqmac.o
 *fill*         0x000000000001f0ee        0x2 
 .text.x1890_91_setRxContSweep
                0x000000000001f0f0      0x16c build_ci_canova_app_prod/lfa/hidpp20/x1890_91_rftest_eqmac.o
 .text.x1890_91_setTxCwSweep
                0x000000000001f25c      0x16c build_ci_canova_app_prod/lfa/hidpp20/x1890_91_rftest_eqmac.o
 .text.x1890_91_sendPeriodicMsg
                0x000000000001f3c8      0x218 build_ci_canova_app_prod/lfa/hidpp20/x1890_91_rftest_eqmac.o
 .text.x1890_91_receivePeriodicMsg
                0x000000000001f5e0      0x15c build_ci_canova_app_prod/lfa/hidpp20/x1890_91_rftest_eqmac.o
 .text.x1890_91_setRxCont
                0x000000000001f73c      0x11c build_ci_canova_app_prod/lfa/hidpp20/x1890_91_rftest_eqmac.o
 .text.x1890_91_setTxCw
                0x000000000001f858      0x11c build_ci_canova_app_prod/lfa/hidpp20/x1890_91_rftest_eqmac.o
 .text.x1890_91_sendPeriodicMsgNoAck
                0x000000000001f974      0x188 build_ci_canova_app_prod/lfa/hidpp20/x1890_91_rftest_eqmac.o
 .text.x1890_91_sendPeriodicFullDutyMsg
                0x000000000001fafc      0x114 build_ci_canova_app_prod/lfa/hidpp20/x1890_91_rftest_eqmac.o
 .text.x18c0_setRollerTest
                0x000000000001fc10        0x8 build_ci_canova_app_prod/lfa/hidpp20/x18c0_rollertest.o
                0x000000000001fc10                x18c0_setRollerTest
 .text.x19c0_getCapabilities
                0x000000000001fc18        0x8 build_ci_canova_app_prod/lfa/hidpp20/x19c0_forceSensingButton.o
                0x000000000001fc18                x19c0_getCapabilities
 .text.x19c0_getButtonCapabilities
                0x000000000001fc20       0x34 build_ci_canova_app_prod/lfa/hidpp20/x19c0_forceSensingButton.o
                0x000000000001fc20                x19c0_getButtonCapabilities
 .text.x19c0_getButtonConfig
                0x000000000001fc54       0x1c build_ci_canova_app_prod/lfa/hidpp20/x19c0_forceSensingButton.o
                0x000000000001fc54                x19c0_getButtonConfig
 .text.x19c0_setButtonConfig
                0x000000000001fc70       0x48 build_ci_canova_app_prod/lfa/hidpp20/x19c0_forceSensingButton.o
                0x000000000001fc70                x19c0_setButtonConfig
 .text.x1b04_getCount
                0x000000000001fcb8        0x8 build_ci_canova_app_prod/lfa/hidpp20/x1b04_specialkeysmsebuttons.o
                0x000000000001fcb8                x1b04_getCount
 .text.x1b04_getCidInfo
                0x000000000001fcc0       0x40 build_ci_canova_app_prod/lfa/hidpp20/x1b04_specialkeysmsebuttons.o
                0x000000000001fcc0                x1b04_getCidInfo
 .text.x1b04_getCidReporting
                0x000000000001fd00       0x48 build_ci_canova_app_prod/lfa/hidpp20/x1b04_specialkeysmsebuttons.o
                0x000000000001fd00                x1b04_getCidReporting
 .text.x1b04_getCapabilities
                0x000000000001fd48        0x6 build_ci_canova_app_prod/lfa/hidpp20/x1b04_specialkeysmsebuttons.o
                0x000000000001fd48                x1b04_getCapabilities
 .text.x1b04_resetAllCidReportSettings
                0x000000000001fd4e        0x4 build_ci_canova_app_prod/lfa/hidpp20/x1b04_specialkeysmsebuttons.o
                0x000000000001fd4e                x1b04_resetAllCidReportSettings
 *fill*         0x000000000001fd52        0x2 
 .text.x1b04_divertedKeysEvent
                0x000000000001fd54       0x48 build_ci_canova_app_prod/lfa/hidpp20/x1b04_specialkeysmsebuttons.o
                0x000000000001fd54                x1b04_divertedKeysEvent
 .text.x1b04_rawXYEvent
                0x000000000001fd9c       0x28 build_ci_canova_app_prod/lfa/hidpp20/x1b04_specialkeysmsebuttons.o
                0x000000000001fd9c                x1b04_rawXYEvent
 .text.x1b04_analyticsKeyEvents
                0x000000000001fdc4       0x50 build_ci_canova_app_prod/lfa/hidpp20/x1b04_specialkeysmsebuttons.o
                0x000000000001fdc4                x1b04_analyticsKeyEvents
 .text.x1b04_setCidReporting
                0x000000000001fe14      0x178 build_ci_canova_app_prod/lfa/hidpp20/x1b04_specialkeysmsebuttons.o
                0x000000000001fe14                x1b04_setCidReporting
 .text.x1b04_processKey
                0x000000000001ff8c       0xe8 build_ci_canova_app_prod/lfa/hidpp20/x1b04_specialkeysmsebuttons.o
                0x000000000001ff8c                x1b04_processKey
 .text.x1b04_processAnalyticsKeyEvent
                0x0000000000020074       0x50 build_ci_canova_app_prod/lfa/hidpp20/x1b04_specialkeysmsebuttons.o
                0x0000000000020074                x1b04_processAnalyticsKeyEvent
 .text.x1b04_init
                0x00000000000200c4       0x64 build_ci_canova_app_prod/lfa/hidpp20/x1b04_specialkeysmsebuttons.o
                0x00000000000200c4                x1b04_init
 .text.wirelessDeviceStatus
                0x0000000000020128        0xc build_ci_canova_app_prod/lfa/hidpp20/x1d4b_wirelessdevicestatus.o
                0x0000000000020128                wirelessDeviceStatus
 .text.x1e00_GetEnableHiddenFeatures
                0x0000000000020134        0xe build_ci_canova_app_prod/lfa/hidpp20/x1e00_enablehiddenfeatures.o
                0x0000000000020134                x1e00_GetEnableHiddenFeatures
 .text.x1e00_SetEnableHiddenFeatures
                0x0000000000020142       0x16 build_ci_canova_app_prod/lfa/hidpp20/x1e00_enablehiddenfeatures.o
                0x0000000000020142                x1e00_SetEnableHiddenFeatures
 .text.x1e02_getInfo
                0x0000000000020158       0x18 build_ci_canova_app_prod/lfa/hidpp20/x1e02_deact_features.o
                0x0000000000020158                x1e02_getInfo
 .text.x1e02_getReactInfo
                0x0000000000020170        0xc build_ci_canova_app_prod/lfa/hidpp20/x1e02_deact_features.o
                0x0000000000020170                x1e02_getReactInfo
 .text.x1e02_disableFeatures
                0x000000000002017c       0x60 build_ci_canova_app_prod/lfa/hidpp20/x1e02_deact_features.o
                0x000000000002017c                x1e02_disableFeatures
 .text.x1e02_enableFeatures
                0x00000000000201dc       0xa8 build_ci_canova_app_prod/lfa/hidpp20/x1e02_deact_features.o
                0x00000000000201dc                x1e02_enableFeatures
 .text.x1e02_reinit
                0x0000000000020284       0x28 build_ci_canova_app_prod/lfa/hidpp20/x1e02_deact_features.o
                0x0000000000020284                x1e02_reinit
 .text.x1e02_areManufHidppFeaturesActive
                0x00000000000202ac       0x10 build_ci_canova_app_prod/lfa/hidpp20/x1e02_deact_features.o
                0x00000000000202ac                x1e02_areManufHidppFeaturesActive
 .text.x1e02_areComplHidppFeaturesActive
                0x00000000000202bc       0x10 build_ci_canova_app_prod/lfa/hidpp20/x1e02_deact_features.o
                0x00000000000202bc                x1e02_areComplHidppFeaturesActive
 .text.x1e02_isGothardActive
                0x00000000000202cc       0x10 build_ci_canova_app_prod/lfa/hidpp20/x1e02_deact_features.o
                0x00000000000202cc                x1e02_isGothardActive
 .text.x1e22_getNbDevices
                0x00000000000202dc        0x8 build_ci_canova_app_prod/lfa/hidpp20/x1e22_spidirectaccess.o
                0x00000000000202dc                x1e22_getNbDevices
 .text.x1e22_getSelectedDevice
                0x00000000000202e4       0x18 build_ci_canova_app_prod/lfa/hidpp20/x1e22_spidirectaccess.o
                0x00000000000202e4                x1e22_getSelectedDevice
 .text.x1e22_spiDirectAccess
                0x00000000000202fc       0x18 build_ci_canova_app_prod/lfa/hidpp20/x1e22_spidirectaccess.o
                0x00000000000202fc                x1e22_spiDirectAccess
 .text.x1e22_selectDevice
                0x0000000000020314      0x13c build_ci_canova_app_prod/lfa/hidpp20/x1e22_spidirectaccess.o
                0x0000000000020314                x1e22_selectDevice
 .text.x1e22_init
                0x0000000000020450       0x1c build_ci_canova_app_prod/lfa/hidpp20/x1e22_spidirectaccess.o
                0x0000000000020450                x1e22_init
 .text.x1e22_reset
                0x000000000002046c       0x40 build_ci_canova_app_prod/lfa/hidpp20/x1e22_spidirectaccess.o
                0x000000000002046c                x1e22_reset
 .text.x1e30_getNbDevices
                0x00000000000204ac        0x8 build_ci_canova_app_prod/lfa/hidpp20/x1e30_i2cdirectaccess.o
                0x00000000000204ac                x1e30_getNbDevices
 .text.x1e30_getSelectedDevice
                0x00000000000204b4       0x18 build_ci_canova_app_prod/lfa/hidpp20/x1e30_i2cdirectaccess.o
                0x00000000000204b4                x1e30_getSelectedDevice
 .text.x1e30_readDirectAccess
                0x00000000000204cc       0x34 build_ci_canova_app_prod/lfa/hidpp20/x1e30_i2cdirectaccess.o
                0x00000000000204cc                x1e30_readDirectAccess
 .text.x1e30_writeDirectAccess
                0x0000000000020500       0x1a build_ci_canova_app_prod/lfa/hidpp20/x1e30_i2cdirectaccess.o
                0x0000000000020500                x1e30_writeDirectAccess
 *fill*         0x000000000002051a        0x2 
 .text.x1e30_selectDevice
                0x000000000002051c       0x50 build_ci_canova_app_prod/lfa/hidpp20/x1e30_i2cdirectaccess.o
                0x000000000002051c                x1e30_selectDevice
 .text.x1e30_init
                0x000000000002056c       0x1c build_ci_canova_app_prod/lfa/hidpp20/x1e30_i2cdirectaccess.o
                0x000000000002056c                x1e30_init
 .text.x1e30_reset
                0x0000000000020588       0x28 build_ci_canova_app_prod/lfa/hidpp20/x1e30_i2cdirectaccess.o
                0x0000000000020588                x1e30_reset
 .text.x1eb0_getTdeMemLengthInfo
                0x00000000000205b0        0x8 build_ci_canova_app_prod/lfa/hidpp20/x1eb0_tdemfgaccess.o
                0x00000000000205b0                x1eb0_getTdeMemLengthInfo
 .text.x1eb0_tdeReadData
                0x00000000000205b8       0x4e build_ci_canova_app_prod/lfa/hidpp20/x1eb0_tdemfgaccess.o
                0x00000000000205b8                x1eb0_tdeReadData
 .text.x1eb0_tdeWriteData
                0x0000000000020606       0x70 build_ci_canova_app_prod/lfa/hidpp20/x1eb0_tdemfgaccess.o
                0x0000000000020606                x1eb0_tdeWriteData
 .text.x1eb0_tdeClearData
                0x0000000000020676       0x16 build_ci_canova_app_prod/lfa/hidpp20/x1eb0_tdemfgaccess.o
                0x0000000000020676                x1eb0_tdeClearData
 .text.x2111_getCapability
                0x000000000002068c       0x14 build_ci_canova_app_prod/lfa/hidpp20/x2111_smartshiftwheel.o
                0x000000000002068c                x2111_getCapability
 .text.x2111_getRatchetControlMode
                0x00000000000206a0       0x1a build_ci_canova_app_prod/lfa/hidpp20/x2111_smartshiftwheel.o
                0x00000000000206a0                x2111_getRatchetControlMode
 .text.x2111_setRatchetControlMode
                0x00000000000206ba       0x42 build_ci_canova_app_prod/lfa/hidpp20/x2111_smartshiftwheel.o
                0x00000000000206ba                x2111_setRatchetControlMode
 .text.x2250_getAnalysisMode
                0x00000000000206fc       0x14 build_ci_canova_app_prod/lfa/hidpp20/x2250_analysismode.o
                0x00000000000206fc                x2250_getAnalysisMode
 .text.x2250_setAnalysisMode
                0x0000000000020710       0x18 build_ci_canova_app_prod/lfa/hidpp20/x2250_analysismode.o
                0x0000000000020710                x2250_setAnalysisMode
 .text.x9001_shutdownSensor
                0x0000000000020728        0x4 build_ci_canova_app_prod/lfa/hidpp20/x9001_testpmw3816.o
                0x0000000000020728                x9001_shutdownSensor
 .text.x9300_getEpmCapabilities
                0x000000000002072c        0x8 build_ci_canova_app_prod/lfa/hidpp20/x9300_testepmdrive.o
                0x000000000002072c                x9300_getEpmCapabilities
 .text.x9300_getEpmDischargeData
                0x0000000000020734        0x4 build_ci_canova_app_prod/lfa/hidpp20/x9300_testepmdrive.o
                0x0000000000020734                x9300_getEpmDischargeData
 .text.x9300_getEpmState
                0x0000000000020738       0x60 build_ci_canova_app_prod/lfa/hidpp20/x9300_testepmdrive.o
                0x0000000000020738                x9300_getEpmState
 .text.x9300_setEpmStateWithPwm
                0x0000000000020798       0x3a build_ci_canova_app_prod/lfa/hidpp20/x9300_testepmdrive.o
                0x0000000000020798                x9300_setEpmStateWithPwm
 .text.x9300_getEpmCalibrationData
                0x00000000000207d2       0x40 build_ci_canova_app_prod/lfa/hidpp20/x9300_testepmdrive.o
                0x00000000000207d2                x9300_getEpmCalibrationData
 .text.x9300_setEpmCalibrationData
                0x0000000000020812       0x4e build_ci_canova_app_prod/lfa/hidpp20/x9300_testepmdrive.o
                0x0000000000020812                x9300_setEpmCalibrationData
 .text.x9300_task
                0x0000000000020860       0x68 build_ci_canova_app_prod/lfa/hidpp20/x9300_testepmdrive.o
                0x0000000000020860                x9300_task
 .text.x9300_setEpmState
                0x00000000000208c8       0x3c build_ci_canova_app_prod/lfa/hidpp20/x9300_testepmdrive.o
                0x00000000000208c8                x9300_setEpmState
 .text.x9401_getCapabilities
                0x0000000000020904        0x4 build_ci_canova_app_prod/lfa/hidpp20/x9401_testdrv26xx.o
                0x0000000000020904                x9401_getCapabilities
 .text.x9402_getSensorCount
                0x0000000000020908        0x8 build_ci_canova_app_prod/lfa/hidpp20/x9402_testForceButton.o
                0x0000000000020908                x9402_getSensorCount
 .text.x9402_getSensorCapabilities
                0x0000000000020910       0x18 build_ci_canova_app_prod/lfa/hidpp20/x9402_testForceButton.o
                0x0000000000020910                x9402_getSensorCapabilities
 .text.x9402_readMeasurement
                0x0000000000020928       0x1e build_ci_canova_app_prod/lfa/hidpp20/x9402_testForceButton.o
                0x0000000000020928                x9402_readMeasurement
 .text.x9402_writeCalibrationData
                0x0000000000020946       0x3c build_ci_canova_app_prod/lfa/hidpp20/x9402_testForceButton.o
                0x0000000000020946                x9402_writeCalibrationData
 .text.x9402_readCalibrationData
                0x0000000000020982       0x30 build_ci_canova_app_prod/lfa/hidpp20/x9402_testForceButton.o
                0x0000000000020982                x9402_readCalibrationData
 .text.x9402_monitorTest
                0x00000000000209b2       0x1c build_ci_canova_app_prod/lfa/hidpp20/x9402_testForceButton.o
                0x00000000000209b2                x9402_monitorTest
 .text.x9205_readSensorRegister
                0x00000000000209ce       0x24 build_ci_canova_app_prod/lfa/hidpp20/x9205_testmlx903.o
                0x00000000000209ce                x9205_readSensorRegister
 .text.x9205_writeSensorRegister
                0x00000000000209f2       0x10 build_ci_canova_app_prod/lfa/hidpp20/x9205_testmlx903.o
                0x00000000000209f2                x9205_writeSensorRegister
 .text.x9205_resetSensor
                0x0000000000020a02        0x6 build_ci_canova_app_prod/lfa/hidpp20/x9205_testmlx903.o
                0x0000000000020a02                x9205_resetSensor
 .text.x9205_shutdownSensor
                0x0000000000020a08        0x6 build_ci_canova_app_prod/lfa/hidpp20/x9205_testmlx903.o
                0x0000000000020a08                x9205_shutdownSensor
 .text.x9205_monitorTest
                0x0000000000020a0e       0x16 build_ci_canova_app_prod/lfa/hidpp20/x9205_testmlx903.o
                0x0000000000020a0e                x9205_monitorTest
 .text.x9205_startCalibration
                0x0000000000020a24        0x6 build_ci_canova_app_prod/lfa/hidpp20/x9205_testmlx903.o
                0x0000000000020a24                x9205_startCalibration
 .text.x9205_stopCalibration
                0x0000000000020a2a       0x72 build_ci_canova_app_prod/lfa/hidpp20/x9205_testmlx903.o
                0x0000000000020a2a                x9205_stopCalibration
 .text.x9205_readCalibration
                0x0000000000020a9c       0x72 build_ci_canova_app_prod/lfa/hidpp20/x9205_testmlx903.o
                0x0000000000020a9c                x9205_readCalibration
 .text.x9205_writeCalibration
                0x0000000000020b0e       0x4a build_ci_canova_app_prod/lfa/hidpp20/x9205_testmlx903.o
                0x0000000000020b0e                x9205_writeCalibration
 .text.x9205_monitorReport
                0x0000000000020b58       0x90 build_ci_canova_app_prod/lfa/hidpp20/x9205_testmlx903.o
                0x0000000000020b58                x9205_monitorReport
 .text.sd_clock_hfclk_request
                0x0000000000020be8        0x4 build_ci_canova_app_prod/lfa/mcu/nrf52/clkmgmt.o
 .text.sd_clock_hfclk_release
                0x0000000000020bec        0x4 build_ci_canova_app_prod/lfa/mcu/nrf52/clkmgmt.o
 .text.sd_clock_hfclk_is_running
                0x0000000000020bf0        0x4 build_ci_canova_app_prod/lfa/mcu/nrf52/clkmgmt.o
 .text.sdacc_nvic_critical_region_enter
                0x0000000000020bf4       0x5c build_ci_canova_app_prod/lfa/mcu/nrf52/clkmgmt.o
 .text.sdacc_clock_hfclk_release
                0x0000000000020c50       0x1a build_ci_canova_app_prod/lfa/mcu/nrf52/clkmgmt.o
 .text.sdacc_clock_hfclk_request
                0x0000000000020c6a       0x1a build_ci_canova_app_prod/lfa/mcu/nrf52/clkmgmt.o
 .text.sdacc_nvic_critical_region_exit
                0x0000000000020c84       0x40 build_ci_canova_app_prod/lfa/mcu/nrf52/clkmgmt.o
 .text.lfclk_manage
                0x0000000000020cc4       0x78 build_ci_canova_app_prod/lfa/mcu/nrf52/clkmgmt.o
 .text.hfclk_manage
                0x0000000000020d3c       0x44 build_ci_canova_app_prod/lfa/mcu/nrf52/clkmgmt.o
 .text.clkmgmt_init
                0x0000000000020d80       0x60 build_ci_canova_app_prod/lfa/mcu/nrf52/clkmgmt.o
                0x0000000000020d80                clkmgmt_init
 .text.clkmgmt_reinit
                0x0000000000020de0       0xdc build_ci_canova_app_prod/lfa/mcu/nrf52/clkmgmt.o
                0x0000000000020de0                clkmgmt_reinit
 .text.clkmgmt_hfclk_request
                0x0000000000020ebc       0x44 build_ci_canova_app_prod/lfa/mcu/nrf52/clkmgmt.o
                0x0000000000020ebc                clkmgmt_hfclk_request
 .text.clkmgmt_hfclk_is_stable
                0x0000000000020f00       0x54 build_ci_canova_app_prod/lfa/mcu/nrf52/clkmgmt.o
                0x0000000000020f00                clkmgmt_hfclk_is_stable
 .text.clkmgmt_lfclk_request
                0x0000000000020f54       0x74 build_ci_canova_app_prod/lfa/mcu/nrf52/clkmgmt.o
                0x0000000000020f54                clkmgmt_lfclk_request
 .text.clkmgmt_lfclk_is_stable
                0x0000000000020fc8       0x58 build_ci_canova_app_prod/lfa/mcu/nrf52/clkmgmt.o
                0x0000000000020fc8                clkmgmt_lfclk_is_stable
 .text.getTimeStamp
                0x0000000000021020       0x40 build_ci_canova_app_prod/lfa/mcu/nrf52/clock_arch.o
 .text.clock_getMs
                0x0000000000021060        0x4 build_ci_canova_app_prod/lfa/mcu/nrf52/clock_arch.o
                0x0000000000021060                clock_getMs
 .text.clock_getUs
                0x0000000000021064        0xe build_ci_canova_app_prod/lfa/mcu/nrf52/clock_arch.o
                0x0000000000021064                clock_getUs
 *fill*         0x0000000000021072        0x2 
 .text.clock_postHwOvfFromIsr
                0x0000000000021074       0x10 build_ci_canova_app_prod/lfa/mcu/nrf52/clock_arch.o
                0x0000000000021074                clock_postHwOvfFromIsr
 .text.powerConvEsb
                0x0000000000021084       0x2c build_ci_canova_app_prod/lfa/mcu/nrf52/eqmac_arch.o
 .text.powerConvHw
                0x00000000000210b0       0x2c build_ci_canova_app_prod/lfa/mcu/nrf52/eqmac_arch.o
 .text.getBitrateEsb
                0x00000000000210dc       0x28 build_ci_canova_app_prod/lfa/mcu/nrf52/eqmac_arch.o
 .text.getBitrateHw
                0x0000000000021104       0x28 build_ci_canova_app_prod/lfa/mcu/nrf52/eqmac_arch.o
 .text.eqmac_esb_event_handler
                0x000000000002112c       0x7c build_ci_canova_app_prod/lfa/mcu/nrf52/eqmac_arch.o
 .text.eqmac_disable
                0x00000000000211a8       0x54 build_ci_canova_app_prod/lfa/mcu/nrf52/eqmac_arch.o
                0x00000000000211a8                eqmac_disable
 .text.eqmac_setChannelMHz
                0x00000000000211fc       0x10 build_ci_canova_app_prod/lfa/mcu/nrf52/eqmac_arch.o
                0x00000000000211fc                eqmac_setChannelMHz
 .text.eqmac_setOutputPower
                0x000000000002120c       0x24 build_ci_canova_app_prod/lfa/mcu/nrf52/eqmac_arch.o
                0x000000000002120c                eqmac_setOutputPower
 .text.eqmac_setRetry
                0x0000000000021230       0x48 build_ci_canova_app_prod/lfa/mcu/nrf52/eqmac_arch.o
                0x0000000000021230                eqmac_setRetry
 .text.eqmac_setAddress
                0x0000000000021278       0x90 build_ci_canova_app_prod/lfa/mcu/nrf52/eqmac_arch.o
                0x0000000000021278                eqmac_setAddress
 .text.eqmac_init
                0x0000000000021308       0xb0 build_ci_canova_app_prod/lfa/mcu/nrf52/eqmac_arch.o
                0x0000000000021308                eqmac_init
 .text.eqmac_setPrefix
                0x00000000000213b8       0x18 build_ci_canova_app_prod/lfa/mcu/nrf52/eqmac_arch.o
                0x00000000000213b8                eqmac_setPrefix
 .text.eqmac_sendMsg
                0x00000000000213d0       0x74 build_ci_canova_app_prod/lfa/mcu/nrf52/eqmac_arch.o
                0x00000000000213d0                eqmac_sendMsg
 .text.eqmac_resendMsg
                0x0000000000021444       0x48 build_ci_canova_app_prod/lfa/mcu/nrf52/eqmac_arch.o
                0x0000000000021444                eqmac_resendMsg
 .text.eqmac_getStatus
                0x000000000002148c       0x1c build_ci_canova_app_prod/lfa/mcu/nrf52/eqmac_arch.o
                0x000000000002148c                eqmac_getStatus
 .text.eqmac_getRetry
                0x00000000000214a8       0x1c build_ci_canova_app_prod/lfa/mcu/nrf52/eqmac_arch.o
                0x00000000000214a8                eqmac_getRetry
 .text.eqmac_enableRxMode
                0x00000000000214c4       0x24 build_ci_canova_app_prod/lfa/mcu/nrf52/eqmac_arch.o
                0x00000000000214c4                eqmac_enableRxMode
 .text.eqmac_readMsgExt
                0x00000000000214e8       0x44 build_ci_canova_app_prod/lfa/mcu/nrf52/eqmac_arch.o
                0x00000000000214e8                eqmac_readMsgExt
 .text.eqmac_readMsg
                0x000000000002152c        0x6 build_ci_canova_app_prod/lfa/mcu/nrf52/eqmac_arch.o
                0x000000000002152c                eqmac_readMsg
 *fill*         0x0000000000021532        0x2 
 .text.eqmac_enableContinuousTx
                0x0000000000021534       0x60 build_ci_canova_app_prod/lfa/mcu/nrf52/eqmac_arch.o
                0x0000000000021534                eqmac_enableContinuousTx
 .text.eqmac_enableModulatedTx
                0x0000000000021594       0xd8 build_ci_canova_app_prod/lfa/mcu/nrf52/eqmac_arch.o
                0x0000000000021594                eqmac_enableModulatedTx
 .text.eqmac_enableFullDutyModulatedTx
                0x000000000002166c       0x74 build_ci_canova_app_prod/lfa/mcu/nrf52/eqmac_arch.o
                0x000000000002166c                eqmac_enableFullDutyModulatedTx
 .text.eqmac_enableContinuousRx
                0x00000000000216e0       0x58 build_ci_canova_app_prod/lfa/mcu/nrf52/eqmac_arch.o
                0x00000000000216e0                eqmac_enableContinuousRx
 .text.eqmac_validChannelMHz
                0x0000000000021738        0xa build_ci_canova_app_prod/lfa/mcu/nrf52/eqmac_arch.o
                0x0000000000021738                eqmac_validChannelMHz
 .text.eqmac_validOutputPower
                0x0000000000021742       0x10 build_ci_canova_app_prod/lfa/mcu/nrf52/eqmac_arch.o
                0x0000000000021742                eqmac_validOutputPower
 .text.sd_flash_write
                0x0000000000021752        0x4 build_ci_canova_app_prod/lfa/mcu/nrf52/flash_mem.o
 .text.sd_flash_page_erase
                0x0000000000021756        0x4 build_ci_canova_app_prod/lfa/mcu/nrf52/flash_mem.o
 *fill*         0x000000000002175a        0x2 
 .text.flash_erase_reg
                0x000000000002175c       0x48 build_ci_canova_app_prod/lfa/mcu/nrf52/flash_mem.o
                0x000000000002175c                flash_erase_reg
 .text.flash_writeData_reg
                0x00000000000217a4       0x48 build_ci_canova_app_prod/lfa/mcu/nrf52/flash_mem.o
                0x00000000000217a4                flash_writeData_reg
 .text.flash_erase_sd
                0x00000000000217ec       0x50 build_ci_canova_app_prod/lfa/mcu/nrf52/flash_mem.o
                0x00000000000217ec                flash_erase_sd
 .text.flash_writeData_sd
                0x000000000002183c       0x5c build_ci_canova_app_prod/lfa/mcu/nrf52/flash_mem.o
                0x000000000002183c                flash_writeData_sd
 .text.flash_init
                0x0000000000021898       0x38 build_ci_canova_app_prod/lfa/mcu/nrf52/flash_mem.o
                0x0000000000021898                flash_init
 .text.flash_writeWord
                0x00000000000218d0       0x1c build_ci_canova_app_prod/lfa/mcu/nrf52/flash_mem.o
                0x00000000000218d0                flash_writeWord
 .text.hwid_getHwId
                0x00000000000218ec        0xc build_ci_canova_app_prod/lfa/mcu/nrf52/hwid_arch.o
                0x00000000000218ec                hwid_getHwId
 .text.sd_ecb_block_encrypt
                0x00000000000218f8        0x4 build_ci_canova_app_prod/lfa/mcu/nrf52/laes_cfb_arch.o
 .text.sdacc_ecb_block_encrypt
                0x00000000000218fc       0x3c build_ci_canova_app_prod/lfa/mcu/nrf52/laes_cfb_arch.o
 .text.aescfb_initArch
                0x0000000000021938        0xc build_ci_canova_app_prod/lfa/mcu/nrf52/laes_cfb_arch.o
                0x0000000000021938                aescfb_initArch
 .text.aescfb_setKeyArch
                0x0000000000021944       0x1c build_ci_canova_app_prod/lfa/mcu/nrf52/laes_cfb_arch.o
                0x0000000000021944                aescfb_setKeyArch
 .text.aescfb_setIvArch
                0x0000000000021960       0x1e build_ci_canova_app_prod/lfa/mcu/nrf52/laes_cfb_arch.o
                0x0000000000021960                aescfb_setIvArch
 .text.aescfb_encrArch
                0x000000000002197e       0x70 build_ci_canova_app_prod/lfa/mcu/nrf52/laes_cfb_arch.o
                0x000000000002197e                aescfb_encrArch
 .text.aescfb_decrArch
                0x00000000000219ee       0x72 build_ci_canova_app_prod/lfa/mcu/nrf52/laes_cfb_arch.o
                0x00000000000219ee                aescfb_decrArch
 .text.gpio_init
                0x0000000000021a60       0x50 build_ci_canova_app_prod/lfa/mcu/nrf52/lgpio_arch.o
                0x0000000000021a60                gpio_init
 .text.updateZoneInfo
                0x0000000000021ab0       0x30 build_ci_canova_app_prod/lfa/mcu/nrf52/nvs_arch.o
 .text.isCrcValid
                0x0000000000021ae0       0x32 build_ci_canova_app_prod/lfa/mcu/nrf52/nvs_arch.o
 *fill*         0x0000000000021b12        0x2 
 .text.getActiveBank
                0x0000000000021b14       0x84 build_ci_canova_app_prod/lfa/mcu/nrf52/nvs_arch.o
 .text.compactBank
                0x0000000000021b98      0x120 build_ci_canova_app_prod/lfa/mcu/nrf52/nvs_arch.o
 .text.activateBank
                0x0000000000021cb8       0xd0 build_ci_canova_app_prod/lfa/mcu/nrf52/nvs_arch.o
 .text.nvs_arch_init
                0x0000000000021d88        0x2 build_ci_canova_app_prod/lfa/mcu/nrf52/nvs_arch.o
                0x0000000000021d88                nvs_arch_init
 *fill*         0x0000000000021d8a        0x2 
 .text.nvs_writeChunkInternal
                0x0000000000021d8c      0x1e4 build_ci_canova_app_prod/lfa/mcu/nrf52/nvs_arch.o
                0x0000000000021d8c                nvs_writeChunkInternal
 .text.nvs_readChunkInternal
                0x0000000000021f70       0x84 build_ci_canova_app_prod/lfa/mcu/nrf52/nvs_arch.o
                0x0000000000021f70                nvs_readChunkInternal
 .text.nvs_deleteChunkInternal
                0x0000000000021ff4       0x64 build_ci_canova_app_prod/lfa/mcu/nrf52/nvs_arch.o
                0x0000000000021ff4                nvs_deleteChunkInternal
 .text.nvs_arch_eraseStorageInternal
                0x0000000000022058       0x64 build_ci_canova_app_prod/lfa/mcu/nrf52/nvs_arch.o
                0x0000000000022058                nvs_arch_eraseStorageInternal
 .text.nvs_readChunk
                0x00000000000220bc       0x22 build_ci_canova_app_prod/lfa/mcu/nrf52/nvs_arch.o
                0x00000000000220bc                nvs_readChunk
 .text.nvs_arch_writeChunk
                0x00000000000220de       0x22 build_ci_canova_app_prod/lfa/mcu/nrf52/nvs_arch.o
                0x00000000000220de                nvs_arch_writeChunk
 .text.nvs_arch_control
                0x0000000000022100       0xe0 build_ci_canova_app_prod/lfa/mcu/nrf52/nvs_arch.o
                0x0000000000022100                nvs_arch_control
 .text.nvs_arch_deleteChunk
                0x00000000000221e0       0x1c build_ci_canova_app_prod/lfa/mcu/nrf52/nvs_arch.o
                0x00000000000221e0                nvs_arch_deleteChunk
 .text.sd_rand_application_bytes_available_get
                0x00000000000221fc        0x4 build_ci_canova_app_prod/lfa/mcu/nrf52/rng_arch.o
 .text.sd_rand_application_vector_get
                0x0000000000022200        0x4 build_ci_canova_app_prod/lfa/mcu/nrf52/rng_arch.o
 .text.rng_getHwRandData
                0x0000000000022204       0xd8 build_ci_canova_app_prod/lfa/mcu/nrf52/rng_arch.o
                0x0000000000022204                rng_getHwRandData
 .text.rng_getHwRand8
                0x00000000000222dc       0x16 build_ci_canova_app_prod/lfa/mcu/nrf52/rng_arch.o
                0x00000000000222dc                rng_getHwRand8
 .text.rng_getHwRand32
                0x00000000000222f2       0x14 build_ci_canova_app_prod/lfa/mcu/nrf52/rng_arch.o
                0x00000000000222f2                rng_getHwRand32
 *fill*         0x0000000000022306        0x2 
 .text.rngp_init
                0x0000000000022308       0x2c build_ci_canova_app_prod/lfa/mcu/nrf52/rng_pool.o
                0x0000000000022308                rngp_init
 .text.rngp_start
                0x0000000000022334       0x78 build_ci_canova_app_prod/lfa/mcu/nrf52/rng_pool.o
                0x0000000000022334                rngp_start
 .text.rngp_stop
                0x00000000000223ac       0x3c build_ci_canova_app_prod/lfa/mcu/nrf52/rng_pool.o
                0x00000000000223ac                rngp_stop
 .text.rngp_getAvailSize
                0x00000000000223e8       0x1c build_ci_canova_app_prod/lfa/mcu/nrf52/rng_pool.o
                0x00000000000223e8                rngp_getAvailSize
 .text.rngp_getRand
                0x0000000000022404       0x8c build_ci_canova_app_prod/lfa/mcu/nrf52/rng_pool.o
                0x0000000000022404                rngp_getRand
 .text.RNG_IRQHandler
                0x0000000000022490       0x88 build_ci_canova_app_prod/lfa/mcu/nrf52/rng_pool.o
                0x0000000000022490                RNG_IRQHandler
 .text.update_rf_payload_format_esb_dpl
                0x0000000000022518       0x30 build_ci_canova_app_prod/lfa/mcu/nrf52/lesb.o
 .text.update_rf_payload_format_esb
                0x0000000000022548       0x34 build_ci_canova_app_prod/lfa/mcu/nrf52/lesb.o
 .text.update_radio_bitrate
                0x000000000002257c       0x3c build_ci_canova_app_prod/lfa/mcu/nrf52/lesb.o
 .text.reset_fifos
                0x00000000000225b8       0x1c build_ci_canova_app_prod/lfa/mcu/nrf52/lesb.o
 .text.on_radio_disabled_tx
                0x00000000000225d4       0x90 build_ci_canova_app_prod/lfa/mcu/nrf52/lesb.o
 .text.clear_events_restart_rx
                0x0000000000022664       0x58 build_ci_canova_app_prod/lfa/mcu/nrf52/lesb.o
 .text.on_radio_disabled_rx_ack
                0x00000000000226bc       0x50 build_ci_canova_app_prod/lfa/mcu/nrf52/lesb.o
 .text.start_tx_transaction
                0x000000000002270c      0x13c build_ci_canova_app_prod/lfa/mcu/nrf52/lesb.o
 .text.update_radio_addresses
                0x0000000000022848       0x50 build_ci_canova_app_prod/lfa/mcu/nrf52/lesb.o
 .text.tx_fifo_remove_last.part.1
                0x0000000000022898       0x24 build_ci_canova_app_prod/lfa/mcu/nrf52/lesb.o
 .text.rx_fifo_push_rfbuf
                0x00000000000228bc       0xa4 build_ci_canova_app_prod/lfa/mcu/nrf52/lesb.o
 .text.on_radio_disabled_tx_wait_for_ack
                0x0000000000022960      0x188 build_ci_canova_app_prod/lfa/mcu/nrf52/lesb.o
 .text.on_radio_disabled_rx
                0x0000000000022ae8      0x1f8 build_ci_canova_app_prod/lfa/mcu/nrf52/lesb.o
 .text.on_radio_disabled_tx_noack
                0x0000000000022ce0       0x64 build_ci_canova_app_prod/lfa/mcu/nrf52/lesb.o
 .text.RADIO_IRQHandler
                0x0000000000022d44       0x54 build_ci_canova_app_prod/lfa/mcu/nrf52/lesb.o
                0x0000000000022d44                RADIO_IRQHandler
 .text.nrf_esb_disable
                0x0000000000022d98       0x54 build_ci_canova_app_prod/lfa/mcu/nrf52/lesb.o
                0x0000000000022d98                nrf_esb_disable
 .text.nrf_esb_init
                0x0000000000022dec      0x254 build_ci_canova_app_prod/lfa/mcu/nrf52/lesb.o
                0x0000000000022dec                nrf_esb_init
 .text.SWI0_EGU0_IRQHandler
                0x0000000000023040       0x88 build_ci_canova_app_prod/lfa/mcu/nrf52/lesb.o
                0x0000000000023040                SWI0_EGU0_IRQHandler
 .text.nrf_esb_write_payload
                0x00000000000230c8       0xb8 build_ci_canova_app_prod/lfa/mcu/nrf52/lesb.o
                0x00000000000230c8                nrf_esb_write_payload
 .text.nrf_esb_read_rx_payload
                0x0000000000023180       0x64 build_ci_canova_app_prod/lfa/mcu/nrf52/lesb.o
                0x0000000000023180                nrf_esb_read_rx_payload
 .text.nrf_esb_start_tx
                0x00000000000231e4       0x2c build_ci_canova_app_prod/lfa/mcu/nrf52/lesb.o
                0x00000000000231e4                nrf_esb_start_tx
 .text.nrf_esb_start_rx
                0x0000000000023210       0x8c build_ci_canova_app_prod/lfa/mcu/nrf52/lesb.o
                0x0000000000023210                nrf_esb_start_rx
 .text.nrf_esb_flush_tx
                0x000000000002329c       0x30 build_ci_canova_app_prod/lfa/mcu/nrf52/lesb.o
                0x000000000002329c                nrf_esb_flush_tx
 .text.nrf_esb_set_address_length
                0x00000000000232cc       0x3c build_ci_canova_app_prod/lfa/mcu/nrf52/lesb.o
                0x00000000000232cc                nrf_esb_set_address_length
 .text.nrf_esb_set_base_address_0
                0x0000000000023308       0x28 build_ci_canova_app_prod/lfa/mcu/nrf52/lesb.o
                0x0000000000023308                nrf_esb_set_base_address_0
 .text.nrf_esb_set_base_address_1
                0x0000000000023330       0x28 build_ci_canova_app_prod/lfa/mcu/nrf52/lesb.o
                0x0000000000023330                nrf_esb_set_base_address_1
 .text.nrf_esb_update_prefix
                0x0000000000023358       0x30 build_ci_canova_app_prod/lfa/mcu/nrf52/lesb.o
                0x0000000000023358                nrf_esb_update_prefix
 .text.nrf_esb_enable_pipes
                0x0000000000023388       0x20 build_ci_canova_app_prod/lfa/mcu/nrf52/lesb.o
                0x0000000000023388                nrf_esb_enable_pipes
 .text.nrf_esb_set_rf_channel
                0x00000000000233a8       0x28 build_ci_canova_app_prod/lfa/mcu/nrf52/lesb.o
                0x00000000000233a8                nrf_esb_set_rf_channel
 .text.nrf_esb_set_tx_power
                0x00000000000233d0       0x30 build_ci_canova_app_prod/lfa/mcu/nrf52/lesb.o
                0x00000000000233d0                nrf_esb_set_tx_power
 .text.nrf_esb_set_retransmit_delay
                0x0000000000023400       0x28 build_ci_canova_app_prod/lfa/mcu/nrf52/lesb.o
                0x0000000000023400                nrf_esb_set_retransmit_delay
 .text.nrf_esb_set_retransmit_count
                0x0000000000023428       0x20 build_ci_canova_app_prod/lfa/mcu/nrf52/lesb.o
                0x0000000000023428                nrf_esb_set_retransmit_count
 .text.nrf_esb_reuse_pid
                0x0000000000023448       0x30 build_ci_canova_app_prod/lfa/mcu/nrf52/lesb.o
                0x0000000000023448                nrf_esb_reuse_pid
 .text.nvs_writeChunk
                0x0000000000023478       0x14 build_ci_canova_app_prod/lfa/mcu/nvs.o
                0x0000000000023478                nvs_writeChunk
 .text.nvs_deleteChunk
                0x000000000002348c       0x14 build_ci_canova_app_prod/lfa/mcu/nvs.o
                0x000000000002348c                nvs_deleteChunk
 .text.adc_init
                0x00000000000234a0       0x44 build_ci_canova_app_prod/application/adc.o
                0x00000000000234a0                adc_init
 .text.adc_singleConvert
                0x00000000000234e4       0x4c build_ci_canova_app_prod/application/adc.o
                0x00000000000234e4                adc_singleConvert
 .text.batt_measureBattery
                0x0000000000023530       0x4c build_ci_canova_app_prod/application/battery.o
                0x0000000000023530                batt_measureBattery
 .text.batt_measureBatteryMv
                0x000000000002357c       0x44 build_ci_canova_app_prod/application/battery.o
                0x000000000002357c                batt_measureBatteryMv
 .text.computeAverageBatteryMv
                0x00000000000235c0       0x38 build_ci_canova_app_prod/application/batt_lipol.o
 .text.stateChanged
                0x00000000000235f8        0xe build_ci_canova_app_prod/application/batt_lipol.o
 .text.convSocToLevel
                0x0000000000023606       0x1a build_ci_canova_app_prod/application/batt_lipol.o
 .text.convMvToSocCharge.part.1
                0x0000000000023620       0x3c build_ci_canova_app_prod/application/batt_lipol.o
 .text.checkAndManageCutOff.part.2
                0x000000000002365c       0x14 build_ci_canova_app_prod/application/batt_lipol.o
 .text.batt_init
                0x0000000000023670      0x108 build_ci_canova_app_prod/application/batt_lipol.o
                0x0000000000023670                batt_init
 .text.batt_task
                0x0000000000023778      0x1f4 build_ci_canova_app_prod/application/batt_lipol.o
                0x0000000000023778                batt_task
 .text.batt_getChargingStatus
                0x000000000002396c       0x1c build_ci_canova_app_prod/application/batt_lipol.o
                0x000000000002396c                batt_getChargingStatus
 .text.batt_getExternalPowerStatus
                0x0000000000023988       0x20 build_ci_canova_app_prod/application/batt_lipol.o
                0x0000000000023988                batt_getExternalPowerStatus
 .text.batt_getCurrentLevel
                0x00000000000239a8       0x10 build_ci_canova_app_prod/application/batt_lipol.o
                0x00000000000239a8                batt_getCurrentLevel
 .text.batt_getCurrentSoc
                0x00000000000239b8        0xc build_ci_canova_app_prod/application/batt_lipol.o
                0x00000000000239b8                batt_getCurrentSoc
 .text.batt_saveReportSoc
                0x00000000000239c4       0x14 build_ci_canova_app_prod/application/batt_lipol.o
                0x00000000000239c4                batt_saveReportSoc
 .text.btldr_isSdValid
                0x00000000000239d8       0x14 build_ci_canova_app_prod/application/bootloader.o
                0x00000000000239d8                btldr_isSdValid
 .text.btldr_isAppValid
                0x00000000000239ec       0x14 build_ci_canova_app_prod/application/bootloader.o
                0x00000000000239ec                btldr_isAppValid
 .text.updateThresholds
                0x0000000000023a00       0x54 build_ci_canova_app_prod/application/btnind.o
 .text.btnind_init
                0x0000000000023a54       0x88 build_ci_canova_app_prod/application/btnind.o
                0x0000000000023a54                btnind_init
 *fill*         0x0000000000023adc        0x4 
 .text.btnind_task
                0x0000000000023ae0      0x270 build_ci_canova_app_prod/application/btnind.o
                0x0000000000023ae0                btnind_task
 .text.btnind_getCurrentForce
                0x0000000000023d50        0xc build_ci_canova_app_prod/application/btnind.o
                0x0000000000023d50                btnind_getCurrentForce
 .text.btnind_getForceCalib
                0x0000000000023d5c       0x10 build_ci_canova_app_prod/application/btnind.o
                0x0000000000023d5c                btnind_getForceCalib
 .text.btnind_setForceCalib
                0x0000000000023d6c       0x1c build_ci_canova_app_prod/application/btnind.o
                0x0000000000023d6c                btnind_setForceCalib
 .text.btnind_getTriggerForce
                0x0000000000023d88        0xc build_ci_canova_app_prod/application/btnind.o
                0x0000000000023d88                btnind_getTriggerForce
 .text.btnind_setTriggerForce
                0x0000000000023d94       0x14 build_ci_canova_app_prod/application/btnind.o
                0x0000000000023d94                btnind_setTriggerForce
 .text.btnind_setMonitorMode
                0x0000000000023da8       0x1c build_ci_canova_app_prod/application/btnind.o
                0x0000000000023da8                btnind_setMonitorMode
 .text.btnind_getMonitorData
                0x0000000000023dc4        0x8 build_ci_canova_app_prod/application/btnind.o
                0x0000000000023dc4                btnind_getMonitorData